Component: ARM Compiler 5.05 update 1 (build 106) Tool: armlink [4d0efa]

==============================================================================

Section Cross References

    main.o(i.Load_Drow_Dialog) refers to lcd.o(i.LCD_Clear) for LCD_Clear
    main.o(i.Load_Drow_Dialog) refers to lcd.o(i.LCD_ShowString) for LCD_ShowString
    main.o(i.Load_Drow_Dialog) refers to lcd.o(.data) for POINT_COLOR
    main.o(i.Load_Drow_Dialog) refers to lcd.o(.bss) for lcddev
    main.o(i.ctp_test) refers to main.o(i.lcd_draw_bline) for lcd_draw_bline
    main.o(i.ctp_test) refers to main.o(i.Load_Drow_Dialog) for Load_Drow_Dialog
    main.o(i.ctp_test) refers to delay.o(i.delay_ms) for delay_ms
    main.o(i.ctp_test) refers to lcd.o(.bss) for lcddev
    main.o(i.ctp_test) refers to touch.o(.data) for tp_dev
    main.o(i.ctp_test) refers to main.o(.constdata) for .constdata
    main.o(i.gui_draw_hline) refers to lcd.o(i.LCD_Fill) for LCD_Fill
    main.o(i.gui_fill_circle) refers to main.o(i.gui_draw_hline) for gui_draw_hline
    main.o(i.lcd_draw_bline) refers to main.o(i.gui_fill_circle) for gui_fill_circle
    main.o(i.main) refers to stm32f4xx_hal.o(i.HAL_Init) for HAL_Init
    main.o(i.main) refers to sys.o(i.STM32_Clock_Init) for STM32_Clock_Init
    main.o(i.main) refers to delay.o(i.delay_init) for delay_init
    main.o(i.main) refers to usart.o(i.uart_init) for uart_init
    main.o(i.main) refers to led.o(i.LED_Init) for LED_Init
    main.o(i.main) refers to key.o(i.KEY_Init) for KEY_Init
    main.o(i.main) refers to lcd.o(i.LCD_Init) for LCD_Init
    main.o(i.main) refers to lcd.o(i.LCD_ShowString) for LCD_ShowString
    main.o(i.main) refers to delay.o(i.delay_ms) for delay_ms
    main.o(i.main) refers to main.o(i.Load_Drow_Dialog) for Load_Drow_Dialog
    main.o(i.main) refers to main.o(i.ctp_test) for ctp_test
    main.o(i.main) refers to main.o(i.rtp_test) for rtp_test
    main.o(i.main) refers to usmart_config.o(.data) for usmart_dev
    main.o(i.main) refers to touch.o(.data) for tp_dev
    main.o(i.main) refers to lcd.o(.data) for POINT_COLOR
    main.o(i.rtp_test) refers to key.o(i.KEY_Scan) for KEY_Scan
    main.o(i.rtp_test) refers to main.o(i.Load_Drow_Dialog) for Load_Drow_Dialog
    main.o(i.rtp_test) refers to touch.o(i.TP_Draw_Big_Point) for TP_Draw_Big_Point
    main.o(i.rtp_test) refers to delay.o(i.delay_ms) for delay_ms
    main.o(i.rtp_test) refers to lcd.o(i.LCD_Clear) for LCD_Clear
    main.o(i.rtp_test) refers to touch.o(i.TP_Adjust) for TP_Adjust
    main.o(i.rtp_test) refers to touch.o(i.TP_Save_Adjdata) for TP_Save_Adjdata
    main.o(i.rtp_test) refers to lcd.o(.bss) for lcddev
    main.o(i.rtp_test) refers to touch.o(.data) for tp_dev
    stm32f4xx_it.o(i.SysTick_Handler) refers to stm32f4xx_hal.o(i.HAL_IncTick) for HAL_IncTick
    system_stm32f4xx.o(i.SystemCoreClockUpdate) refers to system_stm32f4xx.o(.data) for .data
    system_stm32f4xx.o(i.SystemCoreClockUpdate) refers to system_stm32f4xx.o(.constdata) for .constdata
    startup_stm32f407xx.o(STACK) refers (Special) to heapauxi.o(.text) for __use_two_region_memory
    startup_stm32f407xx.o(HEAP) refers (Special) to heapauxi.o(.text) for __use_two_region_memory
    startup_stm32f407xx.o(RESET) refers (Special) to heapauxi.o(.text) for __use_two_region_memory
    startup_stm32f407xx.o(RESET) refers to startup_stm32f407xx.o(STACK) for __initial_sp
    startup_stm32f407xx.o(RESET) refers to startup_stm32f407xx.o(.text) for Reset_Handler
    startup_stm32f407xx.o(RESET) refers to stm32f4xx_it.o(i.NMI_Handler) for NMI_Handler
    startup_stm32f407xx.o(RESET) refers to stm32f4xx_it.o(i.HardFault_Handler) for HardFault_Handler
    startup_stm32f407xx.o(RESET) refers to stm32f4xx_it.o(i.MemManage_Handler) for MemManage_Handler
    startup_stm32f407xx.o(RESET) refers to stm32f4xx_it.o(i.BusFault_Handler) for BusFault_Handler
    startup_stm32f407xx.o(RESET) refers to stm32f4xx_it.o(i.UsageFault_Handler) for UsageFault_Handler
    startup_stm32f407xx.o(RESET) refers to stm32f4xx_it.o(i.SVC_Handler) for SVC_Handler
    startup_stm32f407xx.o(RESET) refers to stm32f4xx_it.o(i.DebugMon_Handler) for DebugMon_Handler
    startup_stm32f407xx.o(RESET) refers to stm32f4xx_it.o(i.PendSV_Handler) for PendSV_Handler
    startup_stm32f407xx.o(RESET) refers to stm32f4xx_it.o(i.SysTick_Handler) for SysTick_Handler
    startup_stm32f407xx.o(RESET) refers to usmart.o(i.TIM4_IRQHandler) for TIM4_IRQHandler
    startup_stm32f407xx.o(RESET) refers to usart.o(i.USART1_IRQHandler) for USART1_IRQHandler
    startup_stm32f407xx.o(.text) refers (Special) to heapauxi.o(.text) for __use_two_region_memory
    startup_stm32f407xx.o(.text) refers to system_stm32f4xx.o(i.SystemInit) for SystemInit
    startup_stm32f407xx.o(.text) refers to __main.o(!!!main) for __main
    startup_stm32f407xx.o(.text) refers to startup_stm32f407xx.o(HEAP) for Heap_Mem
    startup_stm32f407xx.o(.text) refers to startup_stm32f407xx.o(STACK) for Stack_Mem
[...]
    i.HAL_UART_TxCpltCallback                0x08001bec   Section        0  stm32f4xx_hal_uart.o(i.HAL_UART_TxCpltCallback)
    i.HardFault_Handler                      0x08001bee   Section        0  stm32f4xx_it.o(i.HardFault_Handler)
    i.IIC_Ack                                0x08001bf0   Section        0  myiic.o(i.IIC_Ack)
    i.IIC_Init                               0x08001c30   Section        0  myiic.o(i.IIC_Init)
    i.IIC_NAck                               0x08001c78   Section        0  myiic.o(i.IIC_NAck)
    i.IIC_Read_Byte                          0x08001cb8   Section        0  myiic.o(i.IIC_Read_Byte)
    i.IIC_Send_Byte                          0x08001d20   Section        0  myiic.o(i.IIC_Send_Byte)
    i.IIC_Start                              0x08001d80   Section        0  myiic.o(i.IIC_Start)
    i.IIC_Stop                               0x08001dc0   Section        0  myiic.o(i.IIC_Stop)
    i.IIC_Wait_Ack                           0x08001e08   Section        0  myiic.o(i.IIC_Wait_Ack)
    i.KEY_Init                               0x08001e5c   Section        0  key.o(i.KEY_Init)
    i.KEY_Scan                               0x08001ebc   Section        0  key.o(i.KEY_Scan)
    i.LCD_Clear                              0x08001f3c   Section        0  lcd.o(i.LCD_Clear)
    i.LCD_Display_Dir                        0x08001f7c   Section        0  lcd.o(i.LCD_Display_Dir)
    i.LCD_DrawLine                           0x0800205c   Section        0  lcd.o(i.LCD_DrawLine)
    i.LCD_DrawPoint                          0x080020f4   Section        0  lcd.o(i.LCD_DrawPoint)
    i.LCD_Draw_Circle                        0x08002124   Section        0  lcd.o(i.LCD_Draw_Circle)
    i.LCD_Fast_DrawPoint                     0x080021d4   Section        0  lcd.o(i.LCD_Fast_DrawPoint)
    i.LCD_Fill                               0x08002270   Section        0  lcd.o(i.LCD_Fill)
    i.LCD_Init                               0x080022d0   Section        0  lcd.o(i.LCD_Init)
    i.LCD_Pow                                0x08004a44   Section        0  lcd.o(i.LCD_Pow)
    i.LCD_RD_DATA                            0x08004a54   Section        0  lcd.o(i.LCD_RD_DATA)
    i.LCD_Scan_Dir                           0x08004a68   Section        0  lcd.o(i.LCD_Scan_Dir)
    i.LCD_SetCursor                          0x08004bf0   Section        0  lcd.o(i.LCD_SetCursor)
    i.LCD_ShowChar                           0x08004c68   Section        0  lcd.o(i.LCD_ShowChar)
    i.LCD_ShowNum                            0x08004d44   Section        0  lcd.o(i.LCD_ShowNum)
    i.LCD_ShowString                         0x08004dba   Section        0  lcd.o(i.LCD_ShowString)
    i.LCD_WR_DATA                            0x08004e10   Section        0  lcd.o(i.LCD_WR_DATA)
    i.LCD_WR_REG                             0x08004e28   Section        0  lcd.o(i.LCD_WR_REG)
    i.LCD_WriteRAM_Prepare                   0x08004e40   Section        0  lcd.o(i.LCD_WriteRAM_Prepare)
    i.LCD_WriteReg                           0x08004e54   Section        0  lcd.o(i.LCD_WriteReg)
    i.LED_Init                               0x08004e64   Section        0  led.o(i.LED_Init)
    i.Load_Drow_Dialog                       0x08004eb4   Section        0  main.o(i.Load_Drow_Dialog)
    i.MemManage_Handler                      0x08004ef4   Section        0  stm32f4xx_it.o(i.MemManage_Handler)
    i.NMI_Handler                            0x08004ef6   Section        0  stm32f4xx_it.o(i.NMI_Handler)
    i.NVIC_SetPriority                       0x08004ef8   Section        0  stm32f4xx_hal_cortex.o(i.NVIC_SetPriority)
    NVIC_SetPriority                         0x08004ef9   Thumb Code    32  stm32f4xx_hal_cortex.o(i.NVIC_SetPriority)
    i.PendSV_Handler                         0x08004f18   Section        0  stm32f4xx_it.o(i.PendSV_Handler)
    i.STM32_Clock_Init                       0x08004f1c   Section        0  sys.o(i.STM32_Clock_Init)
    i.SVC_Handler                            0x08004fb0   Section        0  stm32f4xx_it.o(i.SVC_Handler)
    i.SysTick_Handler                        0x08004fb2   Section        0  stm32f4xx_it.o(i.SysTick_Handler)
    i.SystemInit                             0x08004fb8   Section        0  system_stm32f4xx.o(i.SystemInit)
    i.TIM4_IRQHandler                        0x08004fc8   Section        0  usmart.o(i.TIM4_IRQHandler)
    i.TIM_Base_SetConfig                     0x08004ffc   Section        0  stm32f4xx_hal_tim.o(i.TIM_Base_SetConfig)
    i.TP_Adj_Info_Show                       0x080050bc   Section        0  touch.o(i.TP_Adj_Info_Show)
    i.TP_Adjust                              0x08005234   Section        0  touch.o(i.TP_Adjust)
    i.TP_Draw_Big_Point                      0x0800579c   Section        0  touch.o(i.TP_Draw_Big_Point)
    i.TP_Drow_Touch_Point                    0x080057d0   Section        0  touch.o(i.TP_Drow_Touch_Point)
    i.TP_Get_Adjdata                         0x08005840   Section        0  touch.o(i.TP_Get_Adjdata)
    i.TP_Init                                0x080058cc   Section        0  touch.o(i.TP_Init)
    i.TP_Read_AD                             0x080059c0   Section        0  touch.o(i.TP_Read_AD)
    i.TP_Read_XOY                            0x08005a3c   Section        0  touch.o(i.TP_Read_XOY)
    i.TP_Read_XY                             0x08005a9c   Section        0  touch.o(i.TP_Read_XY)
    i.TP_Read_XY2                            0x08005ac4   Section        0  touch.o(i.TP_Read_XY2)
    i.TP_Save_Adjdata                        0x08005b40   Section        0  touch.o(i.TP_Save_Adjdata)
    i.TP_Scan                                0x08005bb8   Section        0  touch.o(i.TP_Scan)
    i.TP_Write_Byte                          0x08005c78   Section        0  touch.o(i.TP_Write_Byte)
    i.Timer4_Init                            0x08005cb8   Section        0  usmart.o(i.Timer4_Init)
    i.UART_DMAAbortOnError                   0x08005d0c   Section        0  stm32f4xx_hal_uart.o(i.UART_DMAAbortOnError)
    UART_DMAAbortOnError                     0x08005d0d   Thumb Code    16  stm32f4xx_hal_uart.o(i.UART_DMAAbortOnError)
    i.UART_EndRxTransfer                     0x08005d1c   Section        0  stm32f4xx_hal_uart.o(i.UART_EndRxTransfer)
    UART_EndRxTransfer                       0x08005d1d   Thumb Code    28  stm32f4xx_hal_uart.o(i.UART_EndRxTransfer)
    i.UART_Receive_IT                        0x08005d38   Section        0  stm32f4xx_hal_uart.o(i.UART_Receive_IT)
    UART_Receive_IT                          0x08005d39   Thumb Code   140  stm32f4xx_hal_uart.o(i.UART_Receive_IT)
    i.UART_SetConfig                         0x08005dc4   Section        0  stm32f4xx_hal_uart.o(i.UART_SetConfig)
    UART_SetConfig                           0x08005dc5   Thumb Code   676  stm32f4xx_hal_uart.o(i.UART_SetConfig)
    i.UART_Transmit_IT                       0x08006070   Section        0  stm32f4xx_hal_uart.o(i.UART_Transmit_IT)
    UART_Transmit_IT                         0x08006071   Thumb Code    98  stm32f4xx_hal_uart.o(i.UART_Transmit_IT)
    i.USART1_IRQHandler                      0x080060d4   Section        0  usart.o(i.USART1_IRQHandler)
    i.UsageFault_Handler                     0x08006100   Section        0  stm32f4xx_it.o(i.UsageFault_Handler)
    i.__hardfp_sqrt                          0x08006102   Section        0  sqrt.o(i.__hardfp_sqrt)
    i._is_digit                              0x0800617c   Section        0  __printf_wp.o(i._is_digit)
    i._sys_exit                              0x0800618a   Section        0  usart.o(i._sys_exit)
    i.ctp_test                               0x0800618c   Section        0  main.o(i.ctp_test)
    i.delay_init                             0x08006268   Section        0  delay.o(i.delay_init)
    i.delay_ms                               0x0800627c   Section        0  delay.o(i.delay_ms)
    i.delay_us                               0x08006298   Section        0  delay.o(i.delay_us)
    i.fputc                                  0x080062cc   Section        0  usart.o(i.fputc)
    i.gui_draw_hline                         0x080062e0   Section        0  main.o(i.gui_draw_hline)
    i.gui_fill_circle                        0x080062f6   Section        0  main.o(i.gui_fill_circle)
    i.lcd_draw_bline                         0x080063ac   Section        0  main.o(i.lcd_draw_bline)
    i.main                                   0x08006458   Section        0  main.o(i.main)
    i.read_addr                              0x08006560   Section        0  usmart.o(i.read_addr)
    i.rtp_test                               0x08006564   Section        0  main.o(i.rtp_test)
    i.uart_init                              0x08006604   Section        0  usart.o(i.uart_init)
    i.usmart_cmd_rec                         0x0800663c   Section        0  usmart.o(i.usmart_cmd_rec)
    i.usmart_exe                             0x080066d0   Section        0  usmart.o(i.usmart_exe)
    i.usmart_get_aparm                       0x08006930   Section        0  usmart_str.o(i.usmart_get_aparm)
    i.usmart_get_cmdname                     0x080069d4   Section        0  usmart_str.o(i.usmart_get_cmdname)
    i.usmart_get_fname                       0x08006a04   Section        0  usmart_str.o(i.usmart_get_fname)
    i.usmart_get_fparam                      0x08006b6c   Section        0  usmart_str.o(i.usmart_get_fparam)
    i.usmart_get_parmpos                     0x08006c3c   Section        0  usmart_str.o(i.usmart_get_parmpos)
    i.usmart_get_runtime                     0x08006c60   Section        0  usmart.o(i.usmart_get_runtime)
    i.usmart_init                            0x08006c90   Section        0  usmart.o(i.usmart_init)
    i.usmart_pow                             0x08006cb8   Section        0  usmart_str.o(i.usmart_pow)
    i.usmart_reset_runtime                   0x08006cc8   Section        0  usmart.o(i.usmart_reset_runtime)
    i.usmart_scan                            0x08006cf0   Section        0  usmart.o(i.usmart_scan)
    i.usmart_search_nextc                    0x08006d94   Section        0  usmart_str.o(i.usmart_search_nextc)
    i.usmart_str2num                         0x08006da4   Section        0  usmart_str.o(i.usmart_str2num)
    i.usmart_strcmp                          0x08006e7a   Section        0  usmart_str.o(i.usmart_strcmp)
    i.usmart_strcopy                         0x08006e92   Section        0  usmart_str.o(i.usmart_strcopy)
    i.usmart_strlen                          0x08006ea4   Section        0  usmart_str.o(i.usmart_strlen)
    i.usmart_sys_cmd_exe                     0x08006eb8   Section        0  usmart.o(i.usmart_sys_cmd_exe)
    i.write_addr                             0x080074b0   Section        0  usmart.o(i.write_addr)
    x$fpl$dcmpinf                            0x080074b4   Section       24  dcmpi.o(x$fpl$dcmpinf)
    $v0                                      0x080074b4   Number         0  dcmpi.o(x$fpl$dcmpinf)
    x$fpl$dfixu                              0x080074cc   Section       90  dfixu.o(x$fpl$dfixu)
    $v0                                      0x080074cc   Number         0  dfixu.o(x$fpl$dfixu)
    x$fpl$dfltu                              0x08007526   Section       38  dflt_clz.o(x$fpl$dfltu)
    $v0                                      0x08007526   Number         0  dflt_clz.o(x$fpl$dfltu)
    x$fpl$dleqf                              0x0800754c   Section      120  dleqf.o(x$fpl$dleqf)
    $v0                                      0x0800754c   Number         0  dleqf.o(x$fpl$dleqf)
    x$fpl$dmul                               0x080075c4   Section      340  dmul.o(x$fpl$dmul)
    $v0                                      0x080075c4   Number         0  dmul.o(x$fpl$dmul)
    x$fpl$dnaninf                            0x08007718   Section      156  dnaninf.o(x$fpl$dnaninf)
    $v0                                      0x08007718   Number         0  dnaninf.o(x$fpl$dnaninf)
    x$fpl$dretinf                            0x080077b4   Section       12  dretinf.o(x$fpl$dretinf)
    $v0                                      0x080077b4   Number         0  dretinf.o(x$fpl$dretinf)
    x$fpl$drleqf                             0x080077c0   Section      108  drleqf.o(x$fpl$drleqf)
    $v0                                      0x080077c0   Number         0  drleqf.o(x$fpl$drleqf)
    x$fpl$dsqrt                              0x0800782c   Section      408  dsqrt_umaal.o(x$fpl$dsqrt)
    $v0                                      0x0800782c   Number         0  dsqrt_umaal.o(x$fpl$dsqrt)
    x$fpl$f2d                                0x080079c4   Section       86  f2d.o(x$fpl$f2d)
    $v0                                      0x080079c4   Number         0  f2d.o(x$fpl$f2d)
    x$fpl$fnaninf                            0x08007a1a   Section      140  fnaninf.o(x$fpl$fnaninf)
    $v0                                      0x08007a1a   Number         0  fnaninf.o(x$fpl$fnaninf)
    x$fpl$fpinit                             0x08007aa6   Section       10  fpinit.o(x$fpl$fpinit)
    $v0                                      0x08007aa6   Number         0  fpinit.o(x$fpl$fpinit)
    .constdata                               0x08007ab0   Section       10  main.o(.constdata)
    x$fpl$usenofp                            0x08007ab0   Section        0  usenofp.o(x$fpl$usenofp)
    .constdata                               0x08007aba   Section       16  system_stm32f4xx.o(.constdata)
    .constdata                               0x08007aca   Section        8  system_stm32f4xx.o(.constdata)
    .constdata                               0x08007ad2   Section    18240  lcd.o(.constdata)
    .constdata                               0x0800c214   Section        4  touch.o(.constdata)
    .constdata                               0x0800c218   Section      250  gt1151.o(.constdata)
    .constdata                               0x0800c312   Section       40  _printf_hex_int.o(.constdata)
    uc_hextab                                0x0800c312   Data          20  _printf_hex_int.o(.constdata)
    lc_hextab                                0x0800c326   Data          20  _printf_hex_int.o(.constdata)
    .constdata                               0x0800c33a   Section       17  __printf_flags_ss_wp.o(.constdata)
    maptable                                 0x0800c33a   Data          17  __printf_flags_ss_wp.o(.constdata)
    .conststring                             0x0800c34c   Section      121  touch.o(.conststring)
    .conststring                             0x0800c3c8   Section      108  usmart.o(.conststring)
    .conststring                             0x0800c434   Section      107  usmart_config.o(.conststring)
    .data                                    0x20000000   Section        4  system_stm32f4xx.o(.data)
    .data                                    0x20000004   Section        4  stm32f4xx_hal.o(.data)
    .data                                    0x20000008   Section        4  delay.o(.data)
    fac_us                                   0x20000008   Data           4  delay.o(.data)
    .data                                    0x2000000c   Section        4  usart.o(.data)
    .data                                    0x20000010   Section        4  usart.o(.data)
    .data                                    0x20000014   Section        4  lcd.o(.data)
    .data                                    0x20000018   Section        1  key.o(.data)
    key_up                                   0x20000018   Data           1  key.o(.data)
    .data                                    0x2000001c   Section       56  touch.o(.data)
    .data                                    0x20000054   Section        1  gt1151.o(.data)
    t                                        0x20000054   Data           1  gt1151.o(.data)
    .data                                    0x20000058   Section       28  usmart.o(.data)
    .data                                    0x20000074   Section       32  usmart_config.o(.data)
    .data                                    0x20000094   Section      244  usmart_config.o(.data)
    .bss                                     0x20000188   Section      264  usart.o(.bss)
    .bss                                     0x20000290   Section       94  lcd.o(.bss)
    .bss                                     0x200002f0   Section       60  usmart.o(.bss)
    .bss                                     0x2000032c   Section       96  libspace.o(.bss)
    HEAP                                     0x20000390   Section      512  startup_stm32f407xx.o(HEAP)
    Heap_Mem                                 0x20000390   Data         512  startup_stm32f407xx.o(HEAP)
    STACK                                    0x20000590   Section     1024  startup_stm32f407xx.o(STACK)
    Stack_Mem                                0x20000590   Data        1024  startup_stm32f407xx.o(STACK)
    __initial_sp                             0x20000990   Data           0  startup_stm32f407xx.o(STACK)

    Global Symbols

    Symbol Name                              Value     Ov Type        Size  Object(Section)

    BuildAttributes$$THM_ISAv4$E$P$D$K$B$S$7EM$VFPi3$EXTD16$VFPS$VFMA$PE$A:L22UL41UL21$X:L11$S22US41US21$IEEE1$IW$USESV6$~STKCKD$USESV7$~SHL$OTIME$ROPI$IEEEJ$EBA8$UX$STANDARDLIB$REQ8$PRES8$EABIv2 0x00000000   Number         0  anon$$obj.o ABSOLUTE
    __ARM_use_no_argv                        0x00000000   Number         0  main.o ABSOLUTE
    _printf_flags                            0x00000000   Number         0  printf_stubs.o ABSOLUTE
    _printf_return_value                     0x00000000   Number         0  printf_stubs.o ABSOLUTE
    _printf_sizespec                         0x00000000   Number         0  printf_stubs.o ABSOLUTE
    _printf_widthprec                        0x00000000   Number         0  printf_stubs.o ABSOLUTE
    __ARM_exceptions_init                     - Undefined Weak Reference
    __alloca_initialize                       - Undefined Weak Reference
    __arm_preinit_                            - Undefined Weak Reference
    __cpp_initialize__aeabi_                  - Undefined Weak Reference
    __cxa_finalize                            - Undefined Weak Reference
    __rt_locale                               - Undefined Weak Reference
    __sigvec_lookup                           - Undefined Weak Reference
    _atexit_init                              - Undefined Weak Reference
    _call_atexit_fns                          - Undefined Weak Reference
    _clock_init                               - Undefined Weak Reference
    _fp_trap_init                             - Undefined Weak Reference
    _fp_trap_shutdown                         - Undefined Weak Reference
    _get_lc_collate                           - Undefined Weak Reference
    _get_lc_ctype                             - Undefined Weak Reference
    _get_lc_monetary                          - Undefined Weak Reference
    _get_lc_numeric                           - Undefined Weak Reference
    _get_lc_time                              - Undefined Weak Reference
    _getenv_init                              - Undefined Weak Reference
    _handle_redirection                       - Undefined Weak Reference
    _init_alloc                               - Undefined Weak Reference
    _init_user_alloc                          - Undefined Weak Reference
    _initio                                   - Undefined Weak Reference
    _mutex_acquire                            - Undefined Weak Reference
    _mutex_release                            - Undefined Weak Reference
    _printf_mbtowc                            - Undefined Weak Reference
    _printf_truncate_signed                   - Undefined Weak Reference
    _printf_truncate_unsigned                 - Undefined Weak Reference
    _rand_init                                - Undefined Weak Reference
    _signal_finish                            - Undefined Weak Reference
    _signal_init                              - Undefined Weak Reference
    _terminate_alloc                          - Undefined Weak Reference
    _terminate_user_alloc                     - Undefined Weak Reference
    _terminateio                              - Undefined Weak Reference
    __Vectors_Size                           0x00000188   Number         0  startup_stm32f407xx.o ABSOLUTE
    __Vectors                                0x08000000   Data           4  startup_stm32f407xx.o(RESET)
    __Vectors_End                            0x08000188   Data           0  startup_stm32f407xx.o(RESET)
    __main                                   0x08000189   Thumb Code     8  __main.o(!!!main)
    __scatterload                            0x08000191   Thumb Code     0  __scatter.o(!!!scatter)
    __scatterload_rt2                        0x08000191   Thumb Code    44  __scatter.o(!!!scatter)
    __scatterload_rt2_thumb_only             0x08000191   Thumb Code     0  __scatter.o(!!!scatter)
    __scatterload_null                       0x0800019f   Thumb Code     0  __scatter.o(!!!scatter)
    __decompress                             0x080001c5   Thumb Code    90  __dczerorl2.o(!!dczerorl2)
    __decompress1                            0x080001c5   Thumb Code     0  __dczerorl2.o(!!dczerorl2)
    __scatterload_zeroinit                   0x08000221   Thumb Code    28  __scatter_zi.o(!!handler_zi)
    _printf_d                                0x0800023d   Thumb Code     0  _printf_d.o(.ARM.Collect$$_printf_percent$$00000009)
    _printf_percent                          0x0800023d   Thumb Code     0  _printf_percent.o(.ARM.Collect$$_printf_percent$$00000000)
    _printf_u                                0x08000243   Thumb Code     0  _printf_u.o(.ARM.Collect$$_printf_percent$$0000000A)
    _printf_x                                0x08000249   Thumb Code     0  _printf_x.o(.ARM.Collect$$_printf_percent$$0000000C)
    _printf_c                                0x0800024f   Thumb Code     0  _printf_c.o(.ARM.Collect$$_printf_percent$$00000013)
    _printf_s                                0x08000255   Thumb Code     0  _printf_s.o(.ARM.Collect$$_printf_percent$$00000014)
    _printf_percent_end                      0x0800025b   Thumb Code     0  _printf_percent_end.o(.ARM.Collect$$_printf_percent$$00000017)
    __rt_lib_init                            0x0800025f   Thumb Code     0  libinit.o(.ARM.Collect$$libinit$$00000000)
    __rt_lib_init_fp_1                       0x08000261   Thumb Code     0  libinit2.o(.ARM.Collect$$libinit$$00000001)
    __rt_lib_init_alloca_1                   0x08000265   Thumb Code     0  libinit2.o(.ARM.Collect$$libinit$$0000002E)
    __rt_lib_init_argv_1                     0x08000265   Thumb Code     0  libinit2.o(.ARM.Collect$$libinit$$0000002C)
    __rt_lib_init_atexit_1                   0x08000265   Thumb Code     0  libinit2.o(.ARM.Collect$$libinit$$0000001B)
    __rt_lib_init_clock_1                    0x08000265   Thumb Code     0  libinit2.o(.ARM.Collect$$libinit$$00000021)
    __rt_lib_init_cpp_1                      0x08000265   Thumb Code     0  libinit2.o(.ARM.Collect$$libinit$$00000032)
    __rt_lib_init_exceptions_1               0x08000265   Thumb Code     0  libinit2.o(.ARM.Collect$$libinit$$00000030)
    __rt_lib_init_fp_trap_1                  0x08000265   Thumb Code     0  libinit2.o(.ARM.Collect$$libinit$$0000001F)
    __rt_lib_init_getenv_1                   0x08000265   Thumb Code     0  libinit2.o(.ARM.Collect$$libinit$$00000023)
    __rt_lib_init_heap_1                     0x08000265   Thumb Code     0  libinit2.o(.ARM.Collect$$libinit$$0000000A)
    __rt_lib_init_lc_collate_1               0x08000265   Thumb Code     0  libinit2.o(.ARM.Collect$$libinit$$00000011)
    __rt_lib_init_lc_ctype_1                 0x08000265   Thumb Code     0  libinit2.o(.ARM.Collect$$libinit$$00000013)
    __rt_lib_init_lc_monetary_1              0x08000265   Thumb Code     0  libinit2.o(.ARM.Collect$$libinit$$00000015)
    __rt_lib_init_lc_numeric_1               0x08000265   Thumb Code     0  libinit2.o(.ARM.Collect$$libinit$$00000017)
    __rt_lib_init_lc_time_1                  0x08000265   Thumb Code     0  libinit2.o(.ARM.Collect$$libinit$$00000019)
    __rt_lib_init_preinit_1                  0x08000265   Thumb Code     0  libinit2.o(.ARM.Collect$$libinit$$00000004)
    __rt_lib_init_rand_1                     0x08000265   Thumb Code     0  libinit2.o(.ARM.Collect$$libinit$$0000000E)
    __rt_lib_init_return                     0x08000265   Thumb Code     0  libinit2.o(.ARM.Collect$$libinit$$00000033)
    __rt_lib_init_signal_1                   0x08000265   Thumb Code     0  libinit2.o(.ARM.Collect$$libinit$$0000001D)
    __rt_lib_init_stdio_1                    0x08000265   Thumb Code     0  libinit2.o(.ARM.Collect$$libinit$$00000025)
    __rt_lib_init_user_alloc_1               0x08000265   Thumb Code     0  libinit2.o(.ARM.Collect$$libinit$$0000000C)
    __rt_lib_shutdown                        0x08000267   Thumb Code     0  libshutdown.o(.ARM.Collect$$libshutdown$$00000000)
    __rt_lib_shutdown_fp_trap_1              0x08000269   Thumb Code     0  libshutdown2.o(.ARM.Collect$$libshutdown$$00000006)
    __rt_lib_shutdown_heap_1                 0x08000269   Thumb Code     0  libshutdown2.o(.ARM.Collect$$libshutdown$$0000000E)
    __rt_lib_shutdown_return                 0x08000269   Thumb Code     0  libshutdown2.o(.ARM.Collect$$libshutdown$$0000000F)
    __rt_lib_shutdown_signal_1               0x08000269   Thumb Code     0  libshutdown2.o(.ARM.Collect$$libshutdown$$00000009)
    __rt_lib_shutdown_stdio_1                0x08000269   Thumb Code     0  libshutdown2.o(.ARM.Collect$$libshutdown$$00000003)
    __rt_lib_shutdown_user_alloc_1           0x08000269   Thumb Code     0  libshutdown2.o(.ARM.Collect$$libshutdown$$0000000B)
    __rt_entry                               0x0800026b   Thumb Code     0  __rtentry.o(.ARM.Collect$$rtentry$$00000000)
    __rt_entry_presh_1                       0x0800026b   Thumb Code     0  __rtentry2.o(.ARM.Collect$$rtentry$$00000002)
    __rt_entry_sh                            0x0800026b   Thumb Code     0  __rtentry4.o(.ARM.Collect$$rtentry$$00000004)
    __rt_entry_li                            0x08000271   Thumb Code     0  __rtentry2.o(.ARM.Collect$$rtentry$$0000000A)
    __rt_entry_postsh_1                      0x08000271   Thumb Code     0  __rtentry2.o(.ARM.Collect$$rtentry$$00000009)
    __rt_entry_main                          0x08000275   Thumb Code     0  __rtentry2.o(.ARM.Collect$$rtentry$$0000000D)
    __rt_entry_postli_1                      0x08000275   Thumb Code     0  __rtentry2.o(.ARM.Collect$$rtentry$$0000000C)
    __rt_exit                                0x0800027d   Thumb Code     0  rtexit.o(.ARM.Collect$$rtexit$$00000000)
    __rt_exit_ls                             0x0800027f   Thumb Code     0  rtexit2.o(.ARM.Collect$$rtexit$$00000003)
    __rt_exit_prels_1                        0x0800027f   Thumb Code     0  rtexit2.o(.ARM.Collect$$rtexit$$00000002)
    __rt_exit_exit                           0x08000283   Thumb Code     0  rtexit2.o(.ARM.Collect$$rtexit$$00000004)
    Reset_Handler                            0x08000289   Thumb Code     8  startup_stm32f407xx.o(.text)
    ADC_IRQHandler                           0x080002a3   Thumb Code     0  startup_stm32f407xx.o(.text)
    CAN1_RX0_IRQHandler                      0x080002a3   Thumb Code     0  startup_stm32f407xx.o(.text)
    CAN1_RX1_IRQHandler                      0x080002a3   Thumb Code     0  startup_stm32f407xx.o(.text)
    CAN1_SCE_IRQHandler                      0x080002a3   Thumb Code     0  startup_stm32f407xx.o(.text)
    CAN1_TX_IRQHandler                       0x080002a3   Thumb Code     0  startup_stm32f407xx.o(.text)
    CAN2_RX0_IRQHandler                      0x080002a3   Thumb Code     0  startup_stm32f407xx.o(.text)
    CAN2_RX1_IRQHandler                      0x080002a3   Thumb Code     0  startup_stm32f407xx.o(.text)
    CAN2_SCE_IRQHandler                      0x080002a3   Thumb Code     0  startup_stm32f407xx.o(.text)
    CAN2_TX_IRQHandler                       0x080002a3   Thumb Code     0  startup_stm32f407xx.o(.text)
    DCMI_IRQHandler                          0x080002a3   Thumb Code     0  startup_stm32f407xx.o(.text)
    DMA1_Stream0_IRQHandler                  0x080002a3   Thumb Code     0  startup_stm32f407xx.o(.text)
    DMA1_Stream1_IRQHandler                  0x080002a3   Thumb Code     0  startup_stm32f407xx.o(.text)
    DMA1_Stream2_IRQHandler                  0x080002a3   Thumb Code     0  startup_stm32f407xx.o(.text)
    DMA1_Stream3_IRQHandler                  0x080002a3   Thumb Code     0  startup_stm32f407xx.o(.text)
    DMA1_Stream4_IRQHandler                  0x080002a3   Thumb Code     0  startup_stm32f407xx.o(.text)
    DMA1_Stream5_IRQHandler                  0x080002a3   Thumb Code     0  startup_stm32f407xx.o(.text)
    DMA1_Stream6_IRQHandler                  0x080002a3   Thumb Code     0  startup_stm32f407xx.o(.text)
    DMA1_Stream7_IRQHandler                  0x080002a3   Thumb Code     0  startup_stm32f407xx.o(.text)
    DMA2_Stream0_IRQHandler                  0x080002a3   Thumb Code     0  startup_stm32f407xx.o(.text)
    DMA2_Stream1_IRQHandler                  0x080002a3   Thumb Code     0  startup_stm32f407xx.o(.text)
    DMA2_Stream2_IRQHandler                  0x080002a3   Thumb Code     0  startup_stm32f407xx.o(.text)
    DMA2_Stream3_IRQHandler                  0x080002a3   Thumb Code     0  startup_stm32f407xx.o(.text)
    DMA2_Stream4_IRQHandler                  0x080002a3   Thumb Code     0  startup_stm32f407xx.o(.text)
    DMA2_Stream5_IRQHandler                  0x080002a3   Thumb Code     0  startup_stm32f407xx.o(.text)
    DMA2_Stream6_IRQHandler                  0x080002a3   Thumb Code     0  startup_stm32f407xx.o(.text)
    DMA2_Stream7_IRQHandler                  0x080002a3   Thumb Code     0  startup_stm32f407xx.o(.text)
    ETH_IRQHandler                           0x080002a3   Thumb Code     0  startup_stm32f407xx.o(.text)
    ETH_WKUP_IRQHandler                      0x080002a3   Thumb Code     0  startup_stm32f407xx.o(.text)
    EXTI0_IRQHandler                         0x080002a3   Thumb Code     0  startup_stm32f407xx.o(.text)
    EXTI15_10_IRQHandler                     0x080002a3   Thumb Code     0  startup_stm32f407xx.o(.text)
    EXTI1_IRQHandler                         0x080002a3   Thumb Code     0  startup_stm32f407xx.o(.text)
    EXTI2_IRQHandler                         0x080002a3   Thumb Code     0  startup_stm32f407xx.o(.text)
    EXTI3_IRQHandler                         0x080002a3   Thumb Code     0  startup_stm32f407xx.o(.text)
    EXTI4_IRQHandler                         0x080002a3   Thumb Code     0  startup_stm32f407xx.o(.text)
    EXTI9_5_IRQHandler                       0x080002a3   Thumb Code     0  startup_stm32f407xx.o(.text)
    FLASH_IRQHandler                         0x080002a3   Thumb Code     0  startup_stm32f407xx.o(.text)
    FMC_IRQHandler                           0x080002a3   Thumb Code     0  startup_stm32f407xx.o(.text)
    FPU_IRQHandler                           0x080002a3   Thumb Code     0  startup_stm32f407xx.o(.text)
    HASH_RNG_IRQHandler                      0x080002a3   Thumb Code     0  startup_stm32f407xx.o(.text)
    I2C1_ER_IRQHandler                       0x080002a3   Thumb Code     0  startup_stm32f407xx.o(.text)
    I2C1_EV_IRQHandler                       0x080002a3   Thumb Code     0  startup_stm32f407xx.o(.text)
    I2C2_ER_IRQHandler                       0x080002a3   Thumb Code     0  startup_stm32f407xx.o(.text)
    I2C2_EV_IRQHandler                       0x080002a3   Thumb Code     0  startup_stm32f407xx.o(.text)
    I2C3_ER_IRQHandler                       0x080002a3   Thumb Code     0  startup_stm32f407xx.o(.text)
    I2C3_EV_IRQHandler                       0x080002a3   Thumb Code     0  startup_stm32f407xx.o(.text)
    OTG_FS_IRQHandler                        0x080002a3   Thumb Code     0  startup_stm32f407xx.o(.text)
    OTG_FS_WKUP_IRQHandler                   0x080002a3   Thumb Code     0  startup_stm32f407xx.o(.text)
    OTG_HS_EP1_IN_IRQHandler                 0x080002a3   Thumb Code     0  startup_stm32f407xx.o(.text)
    OTG_HS_EP1_OUT_IRQHandler                0x080002a3   Thumb Code     0  startup_stm32f407xx.o(.text)
    OTG_HS_IRQHandler                        0x080002a3   Thumb Code     0  startup_stm32f407xx.o(.text)
    OTG_HS_WKUP_IRQHandler                   0x080002a3   Thumb Code     0  startup_stm32f407xx.o(.text)
    PVD_IRQHandler                           0x080002a3   Thumb Code     0  startup_stm32f407xx.o(.text)
    RCC_IRQHandler                           0x080002a3   Thumb Code     0  startup_stm32f407xx.o(.text)
    RTC_Alarm_IRQHandler                     0x080002a3   Thumb Code     0  startup_stm32f407xx.o(.text)
    RTC_WKUP_IRQHandler                      0x080002a3   Thumb Code     0  startup_stm32f407xx.o(.text)
    SDIO_IRQHandler                          0x080002a3   Thumb Code     0  startup_stm32f407xx.o(.text)
    SPI1_IRQHandler                          0x080002a3   Thumb Code     0  startup_stm32f407xx.o(.text)
    SPI2_IRQHandler                          0x080002a3   Thumb Code     0  startup_stm32f407xx.o(.text)
    SPI3_IRQHandler                          0x080002a3   Thumb Code     0  startup_stm32f407xx.o(.text)
    TAMP_STAMP_IRQHandler                    0x080002a3   Thumb Code     0  startup_stm32f407xx.o(.text)
    TIM1_BRK_TIM9_IRQHandler                 0x080002a3   Thumb Code     0  startup_stm32f407xx.o(.text)
    TIM1_CC_IRQHandler                       0x080002a3   Thumb Code     0  startup_stm32f407xx.o(.text)
    TIM1_TRG_COM_TIM11_IRQHandler            0x080002a3   Thumb Code     0  startup_stm32f407xx.o(.text)
    TIM1_UP_TIM10_IRQHandler                 0x080002a3   Thumb Code     0  startup_stm32f407xx.o(.text)
    TIM2_IRQHandler                          0x080002a3   Thumb Code     0  startup_stm32f407xx.o(.text)
    TIM3_IRQHandler                          0x080002a3   Thumb Code     0  startup_stm32f407xx.o(.text)
    TIM5_IRQHandler                          0x080002a3   Thumb Code     0  startup_stm32f407xx.o(.text)
    TIM6_DAC_IRQHandler                      0x080002a3   Thumb Code     0  startup_stm32f407xx.o(.text)
    TIM7_IRQHandler                          0x080002a3   Thumb Code     0  startup_stm32f407xx.o(.text)
    TIM8_BRK_TIM12_IRQHandler                0x080002a3   Thumb Code     0  startup_stm32f407xx.o(.text)
    TIM8_CC_IRQHandler                       0x080002a3   Thumb Code     0  startup_stm32f407xx.o(.text)
    TIM8_TRG_COM_TIM14_IRQHandler            0x080002a3   Thumb Code     0  startup_stm32f407xx.o(.text)
    TIM8_UP_TIM13_IRQHandler                 0x080002a3   Thumb Code     0  startup_stm32f407xx.o(.text)
    UART4_IRQHandler                         0x080002a3   Thumb Code     0  startup_stm32f407xx.o(.text)
    UART5_IRQHandler                         0x080002a3   Thumb Code     0  startup_stm32f407xx.o(.text)
    USART2_IRQHandler                        0x080002a3   Thumb Code     0  startup_stm32f407xx.o(.text)
    USART3_IRQHandler                        0x080002a3   Thumb Code     0  startup_stm32f407xx.o(.text)
    USART6_IRQHandler                        0x080002a3   Thumb Code     0  startup_stm32f407xx.o(.text)
    WWDG_IRQHandler                          0x080002a3   Thumb Code     0  startup_stm32f407xx.o(.text)
    __user_initial_stackheap                 0x080002a5   Thumb Code     0  startup_stm32f407xx.o(.text)
    __use_no_semihosting                     0x080002c9   Thumb Code     2  use_no_semi_2.o(.text)
    __2printf                                0x080002cd   Thumb Code    20  noretval__2printf.o(.text)
    _printf_pre_padding                      0x080002e5   Thumb Code    44  _printf_pad.o(.text)
    _printf_post_padding                     0x08000311   Thumb Code    34  _printf_pad.o(.text)
    _printf_str                              0x08000333   Thumb Code    82  _printf_str.o(.text)
    _printf_int_dec                          0x08000385   Thumb Code   104  _printf_dec.o(.text)
    _printf_int_hex                          0x080003fd   Thumb Code    84  _printf_hex_int.o(.text)
    _printf_longlong_hex                     0x080003fd   Thumb Code     0  _printf_hex_int.o(.text)
    __printf                                 0x08000455   Thumb Code   388  __printf_flags_ss_wp.o(.text)
    strcmp                                   0x080005dd   Thumb Code   128  strcmpv7m.o(.text)
    __use_two_region_memory                  0x0800065d   Thumb Code     2  heapauxi.o(.text)
    __rt_heap_escrow$2region                 0x0800065f   Thumb Code     2  heapauxi.o(.text)
    __rt_heap_expand$2region                 0x08000661   Thumb Code     2  heapauxi.o(.text)
    __I$use$semihosting                      0x08000663   Thumb Code     0  use_no_semi.o(.text)
    __use_no_semihosting_swi                 0x08000663   Thumb Code     2  use_no_semi.o(.text)
    __read_errno                             0x08000665   Thumb Code    10  _rserrno.o(.text)
    __set_errno                              0x0800066f   Thumb Code    12  _rserrno.o(.text)
    _printf_int_common                       0x0800067b   Thumb Code   178  _printf_intcommon.o(.text)
    _printf_cs_common                        0x0800072d   Thumb Code    20  _printf_char.o(.text)
    _printf_char                             0x08000741   Thumb Code    16  _printf_char.o(.text)
    _printf_string                           0x08000751   Thumb Code     8  _printf_char.o(.text)
    _printf_char_file                        0x08000759   Thumb Code    32  _printf_char_file.o(.text)
    __aeabi_errno_addr                       0x0800077d   Thumb Code     8  rt_errno_addr_intlibspace.o(.text)
    __errno$intlibspace                      0x0800077d   Thumb Code     0  rt_errno_addr_intlibspace.o(.text)
    __rt_errno_addr$intlibspace              0x0800077d   Thumb Code     0  rt_errno_addr_intlibspace.o(.text)
    _printf_char_common                      0x0800078f   Thumb Code    32  _printf_char_common.o(.text)
    ferror                                   0x080007b5   Thumb Code     8  ferror.o(.text)
    __user_libspace                          0x080007bd   Thumb Code     8  libspace.o(.text)
    __user_perproc_libspace                  0x080007bd   Thumb Code     0  libspace.o(.text)
    __user_perthread_libspace                0x080007bd   Thumb Code     0  libspace.o(.text)
    __user_setup_stackheap                   0x080007c5   Thumb Code    74  sys_stackheap_outer.o(.text)
    exit                                     0x0800080f   Thumb Code    12  exit.o(.text)
    AT24CXX_Init                             0x0800081b   Thumb Code     4  24cxx.o(i.AT24CXX_Init)
    AT24CXX_ReadLenByte                      0x0800081f   Thumb Code    42  24cxx.o(i.AT24CXX_ReadLenByte)
    AT24CXX_ReadOneByte                      0x08000849   Thumb Code    66  24cxx.o(i.AT24CXX_ReadOneByte)
    AT24CXX_WriteLenByte                     0x0800088b   Thumb Code    42  24cxx.o(i.AT24CXX_WriteLenByte)
    AT24CXX_WriteOneByte                     0x080008b5   Thumb Code    62  24cxx.o(i.AT24CXX_WriteOneByte)
    BusFault_Handler                         0x080008f3   Thumb Code     2  stm32f4xx_it.o(i.BusFault_Handler)
    CT_IIC_Ack                               0x080008f5   Thumb Code    60  ctiic.o(i.CT_IIC_Ack)
    CT_IIC_Init                              0x08000939   Thumb Code    64  ctiic.o(i.CT_IIC_Init)
    CT_IIC_NAck                              0x08000981   Thumb Code    60  ctiic.o(i.CT_IIC_NAck)
    CT_IIC_Read_Byte                         0x080009c5   Thumb Code   108  ctiic.o(i.CT_IIC_Read_Byte)
    CT_IIC_Send_Byte                         0x08000a39   Thumb Code    92  ctiic.o(i.CT_IIC_Send_Byte)
    CT_IIC_Start                             0x08000a9d   Thumb Code    56  ctiic.o(i.CT_IIC_Start)
    CT_IIC_Stop                              0x08000add   Thumb Code    52  ctiic.o(i.CT_IIC_Stop)
    CT_IIC_Wait_Ack                          0x08000b19   Thumb Code    68  ctiic.o(i.CT_IIC_Wait_Ack)
    DebugMon_Handler                         0x08000b65   Thumb Code     2  stm32f4xx_it.o(i.DebugMon_Handler)
    FSMC_NORSRAM_Extended_Timing_Init        0x08000b69   Thumb Code    60  stm32f4xx_ll_fsmc.o(i.FSMC_NORSRAM_Extended_Timing_Init)
    FSMC_NORSRAM_Init                        0x08000ba9   Thumb Code    80  stm32f4xx_ll_fsmc.o(i.FSMC_NORSRAM_Init)
    FSMC_NORSRAM_Timing_Init                 0x08000bfd   Thumb Code    64  stm32f4xx_ll_fsmc.o(i.FSMC_NORSRAM_Timing_Init)
    GT1151_Init                              0x08000c41   Thumb Code   210  gt1151.o(i.GT1151_Init)
    GT1151_RD_Reg                            0x08000d35   Thumb Code    96  gt1151.o(i.GT1151_RD_Reg)
    GT1151_Scan                              0x08000d95   Thumb Code   368  gt1151.o(i.GT1151_Scan)
    GT1151_WR_Reg                            0x08000f15   Thumb Code    82  gt1151.o(i.GT1151_WR_Reg)
    HAL_DMA_Abort_IT                         0x08000f67   Thumb Code    36  stm32f4xx_hal_dma.o(i.HAL_DMA_Abort_IT)
    HAL_GPIO_Init                            0x08000f8d   Thumb Code   402  stm32f4xx_hal_gpio.o(i.HAL_GPIO_Init)
    HAL_GPIO_ReadPin                         0x0800114d   Thumb Code    10  stm32f4xx_hal_gpio.o(i.HAL_GPIO_ReadPin)
    HAL_GPIO_WritePin                        0x08001157   Thumb Code    10  stm32f4xx_hal_gpio.o(i.HAL_GPIO_WritePin)
    HAL_GetREVID                             0x08001161   Thumb Code     8  stm32f4xx_hal.o(i.HAL_GetREVID)
    HAL_GetTick                              0x0800116d   Thumb Code     6  stm32f4xx_hal.o(i.HAL_GetTick)
    HAL_IncTick                              0x08001179   Thumb Code    10  stm32f4xx_hal.o(i.HAL_IncTick)
    HAL_Init                                 0x08001189   Thumb Code    40  stm32f4xx_hal.o(i.HAL_Init)
    HAL_InitTick                             0x080011b5   Thumb Code    34  stm32f4xx_hal.o(i.HAL_InitTick)
    HAL_MspInit                              0x080011dd   Thumb Code     2  stm32f4xx_hal_msp.o(i.HAL_MspInit)
    HAL_NVIC_EnableIRQ                       0x080011df   Thumb Code    22  stm32f4xx_hal_cortex.o(i.HAL_NVIC_EnableIRQ)
    HAL_NVIC_SetPriority                     0x080011f5   Thumb Code    60  stm32f4xx_hal_cortex.o(i.HAL_NVIC_SetPriority)
    HAL_NVIC_SetPriorityGrouping             0x08001235   Thumb Code    26  stm32f4xx_hal_cortex.o(i.HAL_NVIC_SetPriorityGrouping)
    HAL_RCC_ClockConfig                      0x08001259   Thumb Code   356  stm32f4xx_hal_rcc.o(i.HAL_RCC_ClockConfig)
    HAL_RCC_GetPCLK1Freq                     0x080013cd   Thumb Code    34  stm32f4xx_hal_rcc.o(i.HAL_RCC_GetPCLK1Freq)
    HAL_RCC_GetPCLK2Freq                     0x080013fd   Thumb Code    34  stm32f4xx_hal_rcc.o(i.HAL_RCC_GetPCLK2Freq)
    HAL_RCC_GetSysClockFreq                  0x0800142d   Thumb Code   104  stm32f4xx_hal_rcc.o(i.HAL_RCC_GetSysClockFreq)
    HAL_RCC_OscConfig                        0x080014a1   Thumb Code   766  stm32f4xx_hal_rcc.o(i.HAL_RCC_OscConfig)
    HAL_SRAM_Init                            0x080017b5   Thumb Code    86  stm32f4xx_hal_sram.o(i.HAL_SRAM_Init)
    HAL_SRAM_MspInit                         0x0800180d   Thumb Code   166  lcd.o(i.HAL_SRAM_MspInit)
    HAL_SYSTICK_CLKSourceConfig              0x080018c1   Thumb Code    24  stm32f4xx_hal_cortex.o(i.HAL_SYSTICK_CLKSourceConfig)
    HAL_SYSTICK_Config                       0x080018d9   Thumb Code    40  stm32f4xx_hal_cortex.o(i.HAL_SYSTICK_Config)
    HAL_TIM_Base_Init                        0x08001901   Thumb Code    54  stm32f4xx_hal_tim.o(i.HAL_TIM_Base_Init)
    HAL_TIM_Base_MspInit                     0x08001937   Thumb Code     2  stm32f4xx_hal_tim.o(i.HAL_TIM_Base_MspInit)
    HAL_TIM_Base_Start_IT                    0x08001939   Thumb Code    24  stm32f4xx_hal_tim.o(i.HAL_TIM_Base_Start_IT)
    HAL_UART_ErrorCallback                   0x08001951   Thumb Code     2  stm32f4xx_hal_uart.o(i.HAL_UART_ErrorCallback)
    HAL_UART_GetState                        0x08001953   Thumb Code    10  stm32f4xx_hal_uart.o(i.HAL_UART_GetState)
    HAL_UART_IRQHandler                      0x0800195d   Thumb Code   266  stm32f4xx_hal_uart.o(i.HAL_UART_IRQHandler)
    HAL_UART_Init                            0x08001a6d   Thumb Code    98  stm32f4xx_hal_uart.o(i.HAL_UART_Init)
    HAL_UART_MspInit                         0x08001ad1   Thumb Code   112  usart.o(i.HAL_UART_MspInit)
    HAL_UART_Receive_IT                      0x08001b4d   Thumb Code    72  stm32f4xx_hal_uart.o(i.HAL_UART_Receive_IT)
    HAL_UART_RxCpltCallback                  0x08001b95   Thumb Code    76  usart.o(i.HAL_UART_RxCpltCallback)
    HAL_UART_TxCpltCallback                  0x08001bed   Thumb Code     2  stm32f4xx_hal_uart.o(i.HAL_UART_TxCpltCallback)
    HardFault_Handler                        0x08001bef   Thumb Code     2  stm32f4xx_it.o(i.HardFault_Handler)
    IIC_Ack                                  0x08001bf1   Thumb Code    56  myiic.o(i.IIC_Ack)
    IIC_Init                                 0x08001c31   Thumb Code    60  myiic.o(i.IIC_Init)
    IIC_NAck                                 0x08001c79   Thumb Code    56  myiic.o(i.IIC_NAck)
    IIC_Read_Byte                            0x08001cb9   Thumb Code    96  myiic.o(i.IIC_Read_Byte)
    IIC_Send_Byte                            0x08001d21   Thumb Code    86  myiic.o(i.IIC_Send_Byte)
    IIC_Start                                0x08001d81   Thumb Code    56  myiic.o(i.IIC_Start)
    IIC_Stop                                 0x08001dc1   Thumb Code    64  myiic.o(i.IIC_Stop)
    IIC_Wait_Ack                             0x08001e09   Thumb Code    74  myiic.o(i.IIC_Wait_Ack)
    KEY_Init                                 0x08001e5d   Thumb Code    82  key.o(i.KEY_Init)
    KEY_Scan                                 0x08001ebd   Thumb Code   116  key.o(i.KEY_Scan)
    LCD_Clear                                0x08001f3d   Thumb Code    54  lcd.o(i.LCD_Clear)
    LCD_Display_Dir                          0x08001f7d   Thumb Code   218  lcd.o(i.LCD_Display_Dir)
    LCD_DrawLine                             0x0800205d   Thumb Code   150  lcd.o(i.LCD_DrawLine)
    LCD_DrawPoint                            0x080020f5   Thumb Code    36  lcd.o(i.LCD_DrawPoint)
    LCD_Draw_Circle                          0x08002125   Thumb Code   176  lcd.o(i.LCD_Draw_Circle)
    LCD_Fast_DrawPoint                       0x080021d5   Thumb Code   146  lcd.o(i.LCD_Fast_DrawPoint)
    LCD_Fill                                 0x08002271   Thumb Code    86  lcd.o(i.LCD_Fill)
    LCD_Init                                 0x080022d1   Thumb Code 10094  lcd.o(i.LCD_Init)
    LCD_Pow                                  0x08004a45   Thumb Code    16  lcd.o(i.LCD_Pow)
    LCD_RD_DATA                              0x08004a55   Thumb Code    16  lcd.o(i.LCD_RD_DATA)
    LCD_Scan_Dir                             0x08004a69   Thumb Code   386  lcd.o(i.LCD_Scan_Dir)
    LCD_SetCursor                            0x08004bf1   Thumb Code   114  lcd.o(i.LCD_SetCursor)
    LCD_ShowChar                             0x08004c69   Thumb Code   196  lcd.o(i.LCD_ShowChar)
    LCD_ShowNum                              0x08004d45   Thumb Code   118  lcd.o(i.LCD_ShowNum)
    LCD_ShowString                           0x08004dbb   Thumb Code    84  lcd.o(i.LCD_ShowString)
    LCD_WR_DATA                              0x08004e11   Thumb Code    20  lcd.o(i.LCD_WR_DATA)
    LCD_WR_REG                               0x08004e29   Thumb Code    20  lcd.o(i.LCD_WR_REG)
    LCD_WriteRAM_Prepare                     0x08004e41   Thumb Code    10  lcd.o(i.LCD_WriteRAM_Prepare)
    LCD_WriteReg                             0x08004e55   Thumb Code    10  lcd.o(i.LCD_WriteReg)
    LED_Init                                 0x08004e65   Thumb Code    70  led.o(i.LED_Init)
    Load_Drow_Dialog                         0x08004eb5   Thumb Code    50  main.o(i.Load_Drow_Dialog)
    MemManage_Handler                        0x08004ef5   Thumb Code     2  stm32f4xx_it.o(i.MemManage_Handler)
    NMI_Handler                              0x08004ef7   Thumb Code     2  stm32f4xx_it.o(i.NMI_Handler)
    PendSV_Handler                           0x08004f19   Thumb Code     2  stm32f4xx_it.o(i.PendSV_Handler)
    STM32_Clock_Init                         0x08004f1d   Thumb Code   136  sys.o(i.STM32_Clock_Init)
    SVC_Handler                              0x08004fb1   Thumb Code     2  stm32f4xx_it.o(i.SVC_Handler)
    SysTick_Handler                          0x08004fb3   Thumb Code     4  stm32f4xx_it.o(i.SysTick_Handler)
    SystemInit                               0x08004fb9   Thumb Code    12  system_stm32f4xx.o(i.SystemInit)
    TIM4_IRQHandler                          0x08004fc9   Thumb Code    44  usmart.o(i.TIM4_IRQHandler)
    TIM_Base_SetConfig                       0x08004ffd   Thumb Code   148  stm32f4xx_hal_tim.o(i.TIM_Base_SetConfig)
    TP_Adj_Info_Show                         0x080050bd   Thumb Code   326  touch.o(i.TP_Adj_Info_Show)
    TP_Adjust                                0x08005235   Thumb Code  1336  touch.o(i.TP_Adjust)
    TP_Draw_Big_Point                        0x0800579d   Thumb Code    48  touch.o(i.TP_Draw_Big_Point)
    TP_Drow_Touch_Point                      0x080057d1   Thumb Code   106  touch.o(i.TP_Drow_Touch_Point)
    TP_Get_Adjdata                           0x08005841   Thumb Code   130  touch.o(i.TP_Get_Adjdata)
    TP_Init                                  0x080058cd   Thumb Code   222  touch.o(i.TP_Init)
    TP_Read_AD                               0x080059c1   Thumb Code   120  touch.o(i.TP_Read_AD)
    TP_Read_XOY                              0x08005a3d   Thumb Code    96  touch.o(i.TP_Read_XOY)
    TP_Read_XY                               0x08005a9d   Thumb Code    34  touch.o(i.TP_Read_XY)
    TP_Read_XY2                              0x08005ac5   Thumb Code   124  touch.o(i.TP_Read_XY2)
    TP_Save_Adjdata                          0x08005b41   Thumb Code   110  touch.o(i.TP_Save_Adjdata)
    TP_Scan                                  0x08005bb9   Thumb Code   184  touch.o(i.TP_Scan)
    TP_Write_Byte                            0x08005c79   Thumb Code    60  touch.o(i.TP_Write_Byte)
    Timer4_Init                              0x08005cb9   Thumb Code    72  usmart.o(i.Timer4_Init)
    USART1_IRQHandler                        0x080060d5   Thumb Code    34  usart.o(i.USART1_IRQHandler)
    UsageFault_Handler                       0x08006101   Thumb Code     2  stm32f4xx_it.o(i.UsageFault_Handler)
    __hardfp_sqrt                            0x08006103   Thumb Code   122  sqrt.o(i.__hardfp_sqrt)
    _is_digit                                0x0800617d   Thumb Code    14  __printf_wp.o(i._is_digit)
    _sys_exit                                0x0800618b   Thumb Code     2  usart.o(i._sys_exit)
    ctp_test                                 0x0800618d   Thumb Code   202  main.o(i.ctp_test)
    delay_init                               0x08006269   Thumb Code    16  delay.o(i.delay_init)
    delay_ms                                 0x0800627d   Thumb Code    26  delay.o(i.delay_ms)
    delay_us                                 0x08006299   Thumb Code    48  delay.o(i.delay_us)
    fputc                                    0x080062cd   Thumb Code    14  usart.o(i.fputc)
    gui_draw_hline                           0x080062e1   Thumb Code    22  main.o(i.gui_draw_hline)
    gui_fill_circle                          0x080062f7   Thumb Code   182  main.o(i.gui_fill_circle)
    lcd_draw_bline                           0x080063ad   Thumb Code   172  main.o(i.lcd_draw_bline)
    main                                     0x08006459   Thumb Code   178  main.o(i.main)
    read_addr                                0x08006561   Thumb Code     4  usmart.o(i.read_addr)
    rtp_test                                 0x08006565   Thumb Code   146  main.o(i.rtp_test)
    uart_init                                0x08006605   Thumb Code    44  usart.o(i.uart_init)
    usmart_cmd_rec                           0x0800663d   Thumb Code   144  usmart.o(i.usmart_cmd_rec)
    usmart_exe                               0x080066d1   Thumb Code   510  usmart.o(i.usmart_exe)
    usmart_get_aparm                         0x08006931   Thumb Code   164  usmart_str.o(i.usmart_get_aparm)
    usmart_get_cmdname                       0x080069d5   Thumb Code    46  usmart_str.o(i.usmart_get_cmdname)
    usmart_get_fname                         0x08006a05   Thumb Code   352  usmart_str.o(i.usmart_get_fname)
    usmart_get_fparam                        0x08006b6d   Thumb Code   202  usmart_str.o(i.usmart_get_fparam)
    usmart_get_parmpos                       0x08006c3d   Thumb Code    30  usmart_str.o(i.usmart_get_parmpos)
    usmart_get_runtime                       0x08006c61   Thumb Code    38  usmart.o(i.usmart_get_runtime)
    usmart_init                              0x08006c91   Thumb Code    36  usmart.o(i.usmart_init)
    usmart_pow                               0x08006cb9   Thumb Code    16  usmart_str.o(i.usmart_pow)
    usmart_reset_runtime                     0x08006cc9   Thumb Code    32  usmart.o(i.usmart_reset_runtime)
    usmart_scan                              0x08006cf1   Thumb Code    94  usmart.o(i.usmart_scan)
    usmart_search_nextc                      0x08006d95   Thumb Code    16  usmart_str.o(i.usmart_search_nextc)
    usmart_str2num                           0x08006da5   Thumb Code   214  usmart_str.o(i.usmart_str2num)
    usmart_strcmp                            0x08006e7b   Thumb Code    24  usmart_str.o(i.usmart_strcmp)
    usmart_strcopy                           0x08006e93   Thumb Code    18  usmart_str.o(i.usmart_strcopy)
    usmart_strlen                            0x08006ea5   Thumb Code    18  usmart_str.o(i.usmart_strlen)
    usmart_sys_cmd_exe                       0x08006eb9   Thumb Code  1440  usmart.o(i.usmart_sys_cmd_exe)
    write_addr                               0x080074b1   Thumb Code     4  usmart.o(i.write_addr)
    __fpl_dcmp_Inf                           0x080074b5   Thumb Code    24  dcmpi.o(x$fpl$dcmpinf)
    __aeabi_d2uiz                            0x080074cd   Thumb Code     0  dfixu.o(x$fpl$dfixu)
    _dfixu                                   0x080074cd   Thumb Code    90  dfixu.o(x$fpl$dfixu)
    __aeabi_ui2d                             0x08007527   Thumb Code     0  dflt_clz.o(x$fpl$dfltu)
    _dfltu                                   0x08007527   Thumb Code    38  dflt_clz.o(x$fpl$dfltu)
    __aeabi_cdcmple                          0x0800754d   Thumb Code     0  dleqf.o(x$fpl$dleqf)
    _dcmple                                  0x0800754d   Thumb Code   120  dleqf.o(x$fpl$dleqf)
    __fpl_dcmple_InfNaN                      0x080075af   Thumb Code     0  dleqf.o(x$fpl$dleqf)
    __aeabi_dmul                             0x080075c5   Thumb Code     0  dmul.o(x$fpl$dmul)
    _dmul                                    0x080075c5   Thumb Code   332  dmul.o(x$fpl$dmul)
    __fpl_dnaninf                            0x08007719   Thumb Code   156  dnaninf.o(x$fpl$dnaninf)
    __fpl_dretinf                            0x080077b5   Thumb Code    12  dretinf.o(x$fpl$dretinf)
    __aeabi_cdrcmple                         0x080077c1   Thumb Code     0  drleqf.o(x$fpl$drleqf)
    _drcmple                                 0x080077c1   Thumb Code   108  drleqf.o(x$fpl$drleqf)
    _dsqrt                                   0x0800782d   Thumb Code   404  dsqrt_umaal.o(x$fpl$dsqrt)
    __aeabi_f2d                              0x080079c5   Thumb Code     0  f2d.o(x$fpl$f2d)
    _f2d                                     0x080079c5   Thumb Code    86  f2d.o(x$fpl$f2d)
    __fpl_fnaninf                            0x08007a1b   Thumb Code   140  fnaninf.o(x$fpl$fnaninf)
    _fp_init                                 0x08007aa7   Thumb Code    10  fpinit.o(x$fpl$fpinit)
    __fplib_config_fpu_vfp                   0x08007aaf   Thumb Code     0  fpinit.o(x$fpl$fpinit)
    __fplib_config_pureend_doubles           0x08007aaf   Thumb Code     0  fpinit.o(x$fpl$fpinit)
    POINT_COLOR_TBL                          0x08007ab0   Data          10  main.o(.constdata)
    __I$use$fp                               0x08007ab0   Number         0  usenofp.o(x$fpl$usenofp)
    AHBPrescTable                            0x08007aba   Data          16  system_stm32f4xx.o(.constdata)
    APBPrescTable                            0x08007aca   Data           8  system_stm32f4xx.o(.constdata)
    asc2_1206                                0x08007ad2   Data        1140  lcd.o(.constdata)
    asc2_1608                                0x08007f46   Data        1520  lcd.o(.constdata)
    asc2_2412                                0x08008536   Data        3420  lcd.o(.constdata)
    asc2_3216                                0x08009292   Data       12160  lcd.o(.constdata)
    TP_REMIND_MSG_TBL                        0x0800c214   Data           4  touch.o(.constdata)
    GT1151_CFG_TBL                           0x0800c218   Data         239  gt1151.o(.constdata)
    GT1151_TPX_TBL                           0x0800c308   Data          10  gt1151.o(.constdata)
    Region$$Table$$Base                      0x0800c4a0   Number         0  anon$$obj.o(Region$$Table)
    Region$$Table$$Limit                     0x0800c4c0   Number         0  anon$$obj.o(Region$$Table)
    SystemCoreClock                          0x20000000   Data           4  system_stm32f4xx.o(.data)
    uwTick                                   0x20000004   Data           4  stm32f4xx_hal.o(.data)
    aRxBuffer                                0x2000000c   Data           1  usart.o(.data)
    USART_RX_STA                             0x2000000e   Data           2  usart.o(.data)
    __stdout                                 0x20000010   Data           4  usart.o(.data)
    POINT_COLOR                              0x20000014   Data           2  lcd.o(.data)
    BACK_COLOR                               0x20000016   Data           2  lcd.o(.data)
    CMD_RDX                                  0x2000001c   Data           1  touch.o(.data)
    CMD_RDY                                  0x2000001d   Data           1  touch.o(.data)
    tp_dev                                   0x20000020   Data          52  touch.o(.data)
    sys_cmd_tab                              0x20000058   Data          28  usmart.o(.data)
    usmart_nametab                           0x20000074   Data          32  usmart_config.o(.data)
    usmart_dev                               0x20000094   Data         244  usmart_config.o(.data)
    USART_RX_BUF                             0x20000188   Data         200  usart.o(.bss)
    UART1_Handler                            0x20000250   Data          64  usart.o(.bss)
    TFTSRAM_Handler                          0x20000290   Data          80  lcd.o(.bss)
    lcddev                                   0x200002e0   Data          14  lcd.o(.bss)
    TIM4_Handler                             0x200002f0   Data          60  usmart.o(.bss)
    __libspace_start                         0x2000032c   Data          96  libspace.o(.bss)
    __temporary_stack_top$libspace           0x2000038c   Data           0  libspace.o(.bss)



==============================================================================

Memory Map of the image

  Image Entry point : 0x08000189

  Load Region LR_IROM1 (Base: 0x08000000, Size: 0x0000c648, Max: 0x00080000, ABSOLUTE, COMPRESSED[0x0000c524])

    Execution Region ER_IROM1 (Base: 0x08000000, Size: 0x0000c4c0, Max: 0x00080000, ABSOLUTE)

    Base Addr    Size         Type   Attr      Idx    E Section Name        Object

    0x08000000   0x00000188   Data   RO          550    RESET               startup_stm32f407xx.o
    0x08000188   0x00000008   Code   RO         4965  * !!!main             c_w.l(__main.o)
    0x08000190   0x00000034   Code   RO         5184    !!!scatter          c_w.l(__scatter.o)
    0x080001c4   0x0000005a   Code   RO         5182    !!dczerorl2         c_w.l(__dczerorl2.o)
    0x0800021e   0x00000002   PAD
    0x08000220   0x0000001c   Code   RO         5186    !!handler_zi        c_w.l(__scatter_zi.o)
    0x0800023c   0x00000000   Code   RO         4960    .ARM.Collect$$_printf_percent$$00000000  c_w.l(_printf_percent.o)
    0x0800023c   0x00000006   Code   RO         4958    .ARM.Collect$$_printf_percent$$00000009  c_w.l(_printf_d.o)
    0x08000242   0x00000006   Code   RO         4959    .ARM.Collect$$_printf_percent$$0000000A  c_w.l(_printf_u.o)
    0x08000248   0x00000006   Code   RO         4957    .ARM.Collect$$_printf_percent$$0000000C  c_w.l(_printf_x.o)
    0x0800024e   0x00000006   Code   RO         4955    .ARM.Collect$$_printf_percent$$00000013  c_w.l(_printf_c.o)
    0x08000254   0x00000006   Code   RO         4956    .ARM.Collect$$_printf_percent$$00000014  c_w.l(_printf_s.o)
    0x0800025a   0x00000004   Code   RO         5008    .ARM.Collect$$_printf_percent$$00000017  c_w.l(_printf_percent_end.o)
    0x0800025e   0x00000002   Code   RO         5060    .ARM.Collect$$libinit$$00000000  c_w.l(libinit.o)
    0x08000260   0x00000004   Code   RO         5063    .ARM.Collect$$libinit$$00000001  c_w.l(libinit2.o)
    0x08000264   0x00000000   Code   RO         5066    .ARM.Collect$$libinit$$00000004  c_w.l(libinit2.o)
    0x08000264   0x00000000   Code   RO         5069    .ARM.Collect$$libinit$$0000000A  c_w.l(libinit2.o)
    0x08000264   0x00000000   Code   RO         5071    .ARM.Collect$$libinit$$0000000C  c_w.l(libinit2.o)
    0x08000264   0x00000000   Code   RO         5073    .ARM.Collect$$libinit$$0000000E  c_w.l(libinit2.o)
    0x08000264   0x00000000   Code   RO         5076    .ARM.Collect$$libinit$$00000011  c_w.l(libinit2.o)
    0x08000264   0x00000000   Code   RO         5078    .ARM.Collect$$libinit$$00000013  c_w.l(libinit2.o)
    0x08000264   0x00000000   Code   RO         5080    .ARM.Collect$$libinit$$00000015  c_w.l(libinit2.o)
    0x08000264   0x00000000   Code   RO         5082    .ARM.Collect$$libinit$$00000017  c_w.l(libinit2.o)
    0x08000264   0x00000000   Code   RO         5084    .ARM.Collect$$libinit$$00000019  c_w.l(libinit2.o)
    0x08000264   0x00000000   Code   RO         5086    .ARM.Collect$$libinit$$0000001B  c_w.l(libinit2.o)
    0x08000264   0x00000000   Code   RO         5088    .ARM.Collect$$libinit$$0000001D  c_w.l(libinit2.o)
    0x08000264   0x00000000   Code   RO         5090    .ARM.Collect$$libinit$$0000001F  c_w.l(libinit2.o)
    0x08000264   0x00000000   Code   RO         5092    .ARM.Collect$$libinit$$00000021  c_w.l(libinit2.o)
    0x08000264   0x00000000   Code   RO         5094    .ARM.Collect$$libinit$$00000023  c_w.l(libinit2.o)
    0x08000264   0x00000000   Code   RO         5096    .ARM.Collect$$libinit$$00000025  c_w.l(libinit2.o)
    0x08000264   0x00000000   Code   RO         5100    .ARM.Collect$$libinit$$0000002C  c_w.l(libinit2.o)
    0x08000264   0x00000000   Code   RO         5102    .ARM.Collect$$libinit$$0000002E  c_w.l(libinit2.o)
    0x08000264   0x00000000   Code   RO         5104    .ARM.Collect$$libinit$$00000030  c_w.l(libinit2.o)
    0x08000264   0x00000000   Code   RO         5106    .ARM.Collect$$libinit$$00000032  c_w.l(libinit2.o)
    0x08000264   0x00000002   Code   RO         5107    .ARM.Collect$$libinit$$00000033  c_w.l(libinit2.o)
    0x08000266   0x00000002   Code   RO         5125    .ARM.Collect$$libshutdown$$00000000  c_w.l(libshutdown.o)
    0x08000268   0x00000000   Code   RO         5136    .ARM.Collect$$libshutdown$$00000003  c_w.l(libshutdown2.o)
    0x08000268   0x00000000   Code   RO         5139    .ARM.Collect$$libshutdown$$00000006  c_w.l(libshutdown2.o)
    0x08000268   0x00000000   Code   RO         5142    .ARM.Collect$$libshutdown$$00000009  c_w.l(libshutdown2.o)
    0x08000268   0x00000000   Code   RO         5144    .ARM.Collect$$libshutdown$$0000000B  c_w.l(libshutdown2.o)
    0x08000268   0x00000000   Code   RO         5147    .ARM.Collect$$libshutdown$$0000000E  c_w.l(libshutdown2.o)
    0x08000268   0x00000002   Code   RO         5148    .ARM.Collect$$libshutdown$$0000000F  c_w.l(libshutdown2.o)
    0x0800026a   0x00000000   Code   RO         4999    .ARM.Collect$$rtentry$$00000000  c_w.l(__rtentry.o)
    0x0800026a   0x00000000   Code   RO         5021    .ARM.Collect$$rtentry$$00000002  c_w.l(__rtentry2.o)
    0x0800026a   0x00000006   Code   RO         5033    .ARM.Collect$$rtentry$$00000004  c_w.l(__rtentry4.o)
    0x08000270   0x00000000   Code   RO         5023    .ARM.Collect$$rtentry$$00000009  c_w.l(__rtentry2.o)
    0x08000270   0x00000004   Code   RO         5024    .ARM.Collect$$rtentry$$0000000A  c_w.l(__rtentry2.o)
    0x08000274   0x00000000   Code   RO         5026    .ARM.Collect$$rtentry$$0000000C  c_w.l(__rtentry2.o)
    0x08000274   0x00000008   Code   RO         5027    .ARM.Collect$$rtentry$$0000000D  c_w.l(__rtentry2.o)
    0x0800027c   0x00000002   Code   RO         5061    .ARM.Collect$$rtexit$$00000000  c_w.l(rtexit.o)
    0x0800027e   0x00000000   Code   RO         5109    .ARM.Collect$$rtexit$$00000002  c_w.l(rtexit2.o)
    0x0800027e   0x00000004   Code   RO         5110    .ARM.Collect$$rtexit$$00000003  c_w.l(rtexit2.o)
    0x08000282   0x00000006   Code   RO         5111    .ARM.Collect$$rtexit$$00000004  c_w.l(rtexit2.o)
    0x08000288   0x00000040   Code   RO          551    .text               startup_stm32f407xx.o
    0x080002c8   0x00000002   Code   RO         4900    .text               c_w.l(use_no_semi_2.o)
    0x080002ca   0x00000002   PAD
    0x080002cc   0x00000018   Code   RO         4904    .text               c_w.l(noretval__2printf.o)
    0x080002e4   0x0000004e   Code   RO         4908    .text               c_w.l(_printf_pad.o)
    0x08000332   0x00000052   Code   RO         4910    .text               c_w.l(_printf_str.o)
    0x08000384   0x00000078   Code   RO         4912    .text               c_w.l(_printf_dec.o)
    0x080003fc   0x00000058   Code   RO         4917    .text               c_w.l(_printf_hex_int.o)
    0x08000454   0x00000188   Code   RO         4952    .text               c_w.l(__printf_flags_ss_wp.o)
    0x080005dc   0x00000080   Code   RO         4961    .text               c_w.l(strcmpv7m.o)
    0x0800065c   0x00000006   Code   RO         4963    .text               c_w.l(heapauxi.o)
    0x08000662   0x00000002   Code   RO         4997    .text               c_w.l(use_no_semi.o)
    0x08000664   0x00000016   Code   RO         5000    .text               c_w.l(_rserrno.o)
    0x0800067a   0x000000b2   Code   RO         5002    .text               c_w.l(_printf_intcommon.o)
    0x0800072c   0x0000002c   Code   RO         5004    .text               c_w.l(_printf_char.o)
    0x08000758   0x00000024   Code   RO         5006    .text               c_w.l(_printf_char_file.o)
    0x0800077c   0x00000008   Code   RO         5038    .text               c_w.l(rt_errno_addr_intlibspace.o)
    0x08000784   0x00000030   Code   RO         5040    .text               c_w.l(_printf_char_common.o)
    0x080007b4   0x00000008   Code   RO         5042    .text               c_w.l(ferror.o)
    0x080007bc   0x00000008   Code   RO         5046    .text               c_w.l(libspace.o)
    0x080007c4   0x0000004a   Code   RO         5049    .text               c_w.l(sys_stackheap_outer.o)
    0x0800080e   0x0000000c   Code   RO         5053    .text               c_w.l(exit.o)
    0x0800081a   0x00000004   Code   RO         4314    i.AT24CXX_Init      24cxx.o
    0x0800081e   0x0000002a   Code   RO         4316    i.AT24CXX_ReadLenByte  24cxx.o
    0x08000848   0x00000042   Code   RO         4317    i.AT24CXX_ReadOneByte  24cxx.o
    0x0800088a   0x0000002a   Code   RO         4319    i.AT24CXX_WriteLenByte  24cxx.o
    0x080008b4   0x0000003e   Code   RO         4320    i.AT24CXX_WriteOneByte  24cxx.o
    0x080008f2   0x00000002   Code   RO          350    i.BusFault_Handler  stm32f4xx_it.o
    0x080008f4   0x00000044   Code   RO         4452    i.CT_IIC_Ack        ctiic.o
    0x08000938   0x00000048   Code   RO         4453    i.CT_IIC_Init       ctiic.o
    0x08000980   0x00000044   Code   RO         4454    i.CT_IIC_NAck       ctiic.o
    0x080009c4   0x00000074   Code   RO         4455    i.CT_IIC_Read_Byte  ctiic.o
    0x08000a38   0x00000064   Code   RO         4456    i.CT_IIC_Send_Byte  ctiic.o
    0x08000a9c   0x00000040   Code   RO         4457    i.CT_IIC_Start      ctiic.o
    0x08000adc   0x0000003c   Code   RO         4458    i.CT_IIC_Stop       ctiic.o
    0x08000b18   0x0000004c   Code   RO         4459    i.CT_IIC_Wait_Ack   ctiic.o
    0x08000b64   0x00000002   Code   RO          351    i.DebugMon_Handler  stm32f4xx_it.o
    0x08000b66   0x00000002   PAD
    0x08000b68   0x00000040   Code   RO         3299    i.FSMC_NORSRAM_Extended_Timing_Init  stm32f4xx_ll_fsmc.o
    0x08000ba8   0x00000054   Code   RO         3300    i.FSMC_NORSRAM_Init  stm32f4xx_ll_fsmc.o
    0x08000bfc   0x00000044   Code   RO         3301    i.FSMC_NORSRAM_Timing_Init  stm32f4xx_ll_fsmc.o
    0x08000c40   0x000000f4   Code   RO         4641    i.GT1151_Init       gt1151.o
    0x08000d34   0x00000060   Code   RO         4642    i.GT1151_RD_Reg     gt1151.o
    0x08000d94   0x00000180   Code   RO         4643    i.GT1151_Scan       gt1151.o
    0x08000f14   0x00000052   Code   RO         4645    i.GT1151_WR_Reg     gt1151.o
    0x08000f66   0x00000024   Code   RO         1821    i.HAL_DMA_Abort_IT  stm32f4xx_hal_dma.o
    0x08000f8a   0x00000002   PAD
    0x08000f8c   0x000001c0   Code   RO          849    i.HAL_GPIO_Init     stm32f4xx_hal_gpio.o
    0x0800114c   0x0000000a   Code   RO          851    i.HAL_GPIO_ReadPin  stm32f4xx_hal_gpio.o
    0x08001156   0x0000000a   Code   RO          853    i.HAL_GPIO_WritePin  stm32f4xx_hal_gpio.o
    0x08001160   0x0000000c   Code   RO          570    i.HAL_GetREVID      stm32f4xx_hal.o
    0x0800116c   0x0000000c   Code   RO          571    i.HAL_GetTick       stm32f4xx_hal.o
    0x08001178   0x00000010   Code   RO          573    i.HAL_IncTick       stm32f4xx_hal.o
    0x08001188   0x0000002c   Code   RO          574    i.HAL_Init          stm32f4xx_hal.o
    0x080011b4   0x00000028   Code   RO          575    i.HAL_InitTick      stm32f4xx_hal.o
    0x080011dc   0x00000002   Code   RO          321    i.HAL_MspInit       stm32f4xx_hal_msp.o
    0x080011de   0x00000016   Code   RO          716    i.HAL_NVIC_EnableIRQ  stm32f4xx_hal_cortex.o
    0x080011f4   0x00000040   Code   RO          722    i.HAL_NVIC_SetPriority  stm32f4xx_hal_cortex.o
    0x08001234   0x00000024   Code   RO          723    i.HAL_NVIC_SetPriorityGrouping  stm32f4xx_hal_cortex.o
    0x08001258   0x00000174   Code   RO         1087    i.HAL_RCC_ClockConfig  stm32f4xx_hal_rcc.o
    0x080013cc   0x00000030   Code   RO         1094    i.HAL_RCC_GetPCLK1Freq  stm32f4xx_hal_rcc.o
    0x080013fc   0x00000030   Code   RO         1095    i.HAL_RCC_GetPCLK2Freq  stm32f4xx_hal_rcc.o
    0x0800142c   0x00000074   Code   RO         1096    i.HAL_RCC_GetSysClockFreq  stm32f4xx_hal_rcc.o
    0x080014a0   0x00000314   Code   RO         1099    i.HAL_RCC_OscConfig  stm32f4xx_hal_rcc.o
    0x080017b4   0x00000056   Code   RO         3175    i.HAL_SRAM_Init     stm32f4xx_hal_sram.o
    0x0800180a   0x00000002   PAD
    0x0800180c   0x000000b4   Code   RO         4073    i.HAL_SRAM_MspInit  lcd.o
    0x080018c0   0x00000018   Code   RO          725    i.HAL_SYSTICK_CLKSourceConfig  stm32f4xx_hal_cortex.o
    0x080018d8   0x00000028   Code   RO          727    i.HAL_SYSTICK_Config  stm32f4xx_hal_cortex.o
    0x08001900   0x00000036   Code   RO         1966    i.HAL_TIM_Base_Init  stm32f4xx_hal_tim.o
    0x08001936   0x00000002   Code   RO         1968    i.HAL_TIM_Base_MspInit  stm32f4xx_hal_tim.o
    0x08001938   0x00000018   Code   RO         1971    i.HAL_TIM_Base_Start_IT  stm32f4xx_hal_tim.o
    0x08001950   0x00000002   Code   RO         1251    i.HAL_UART_ErrorCallback  stm32f4xx_hal_uart.o
    0x08001952   0x0000000a   Code   RO         1253    i.HAL_UART_GetState  stm32f4xx_hal_uart.o
    0x0800195c   0x00000110   Code   RO         1254    i.HAL_UART_IRQHandler  stm32f4xx_hal_uart.o
    0x08001a6c   0x00000062   Code   RO         1255    i.HAL_UART_Init     stm32f4xx_hal_uart.o
    0x08001ace   0x00000002   PAD
    0x08001ad0   0x0000007c   Code   RO         3983    i.HAL_UART_MspInit  usart.o
    0x08001b4c   0x00000048   Code   RO         1260    i.HAL_UART_Receive_IT  stm32f4xx_hal_uart.o
    0x08001b94   0x00000058   Code   RO         3984    i.HAL_UART_RxCpltCallback  usart.o
    0x08001bec   0x00000002   Code   RO         1266    i.HAL_UART_TxCpltCallback  stm32f4xx_hal_uart.o
    0x08001bee   0x00000002   Code   RO          352    i.HardFault_Handler  stm32f4xx_it.o
    0x08001bf0   0x00000040   Code   RO         4385    i.IIC_Ack           myiic.o
    0x08001c30   0x00000048   Code   RO         4386    i.IIC_Init          myiic.o
    0x08001c78   0x00000040   Code   RO         4387    i.IIC_NAck          myiic.o
    0x08001cb8   0x00000068   Code   RO         4388    i.IIC_Read_Byte     myiic.o
    0x08001d20   0x00000060   Code   RO         4389    i.IIC_Send_Byte     myiic.o
    0x08001d80   0x00000040   Code   RO         4390    i.IIC_Start         myiic.o
    0x08001dc0   0x00000048   Code   RO         4391    i.IIC_Stop          myiic.o
    0x08001e08   0x00000054   Code   RO         4392    i.IIC_Wait_Ack      myiic.o
    0x08001e5c   0x00000060   Code   RO         4282    i.KEY_Init          key.o
    0x08001ebc   0x00000080   Code   RO         4283    i.KEY_Scan          key.o
    0x08001f3c   0x00000040   Code   RO         4075    i.LCD_Clear         lcd.o
    0x08001f7c   0x000000e0   Code   RO         4079    i.LCD_Display_Dir   lcd.o
    0x0800205c   0x00000096   Code   RO         4080    i.LCD_DrawLine      lcd.o
    0x080020f2   0x00000002   PAD
    0x080020f4   0x00000030   Code   RO         4081    i.LCD_DrawPoint     lcd.o
    0x08002124   0x000000b0   Code   RO         4083    i.LCD_Draw_Circle   lcd.o
    0x080021d4   0x0000009c   Code   RO         4084    i.LCD_Fast_DrawPoint  lcd.o
    0x08002270   0x00000060   Code   RO         4085    i.LCD_Fill          lcd.o
    0x080022d0   0x00002774   Code   RO         4086    i.LCD_Init          lcd.o
    0x08004a44   0x00000010   Code   RO         4087    i.LCD_Pow           lcd.o
    0x08004a54   0x00000014   Code   RO         4088    i.LCD_RD_DATA       lcd.o
    0x08004a68   0x00000188   Code   RO         4091    i.LCD_Scan_Dir      lcd.o
    0x08004bf0   0x00000078   Code   RO         4092    i.LCD_SetCursor     lcd.o
    0x08004c68   0x000000dc   Code   RO         4094    i.LCD_ShowChar      lcd.o
    0x08004d44   0x00000076   Code   RO         4095    i.LCD_ShowNum       lcd.o
    0x08004dba   0x00000054   Code   RO         4096    i.LCD_ShowString    lcd.o
    0x08004e0e   0x00000002   PAD
    0x08004e10   0x00000018   Code   RO         4098    i.LCD_WR_DATA       lcd.o
    0x08004e28   0x00000018   Code   RO         4099    i.LCD_WR_REG        lcd.o
    0x08004e40   0x00000014   Code   RO         4101    i.LCD_WriteRAM_Prepare  lcd.o
    0x08004e54   0x00000010   Code   RO         4102    i.LCD_WriteReg      lcd.o
    0x08004e64   0x00000050   Code   RO         4049    i.LED_Init          led.o
    0x08004eb4   0x00000040   Code   RO            4    i.Load_Drow_Dialog  main.o
    0x08004ef4   0x00000002   Code   RO          353    i.MemManage_Handler  stm32f4xx_it.o
    0x08004ef6   0x00000002   Code   RO          354    i.NMI_Handler       stm32f4xx_it.o
    0x08004ef8   0x00000020   Code   RO          729    i.NVIC_SetPriority  stm32f4xx_hal_cortex.o
    0x08004f18   0x00000002   Code   RO          355    i.PendSV_Handler    stm32f4xx_it.o
    0x08004f1a   0x00000002   PAD
    0x08004f1c   0x00000094   Code   RO         3956    i.STM32_Clock_Init  sys.o
    0x08004fb0   0x00000002   Code   RO          356    i.SVC_Handler       stm32f4xx_it.o
    0x08004fb2   0x00000004   Code   RO          357    i.SysTick_Handler   stm32f4xx_it.o
    0x08004fb6   0x00000002   PAD
    0x08004fb8   0x00000010   Code   RO          426    i.SystemInit        system_stm32f4xx.o
    0x08004fc8   0x00000034   Code   RO         4707    i.TIM4_IRQHandler   usmart.o
    0x08004ffc   0x000000c0   Code   RO         2050    i.TIM_Base_SetConfig  stm32f4xx_hal_tim.o
    0x080050bc   0x00000178   Code   RO         4527    i.TP_Adj_Info_Show  touch.o
    0x08005234   0x00000568   Code   RO         4528    i.TP_Adjust         touch.o
    0x0800579c   0x00000034   Code   RO         4529    i.TP_Draw_Big_Point  touch.o
    0x080057d0   0x00000070   Code   RO         4530    i.TP_Drow_Touch_Point  touch.o
    0x08005840   0x0000008c   Code   RO         4531    i.TP_Get_Adjdata    touch.o
    0x080058cc   0x000000f4   Code   RO         4532    i.TP_Init           touch.o
    0x080059c0   0x0000007c   Code   RO         4533    i.TP_Read_AD        touch.o
    0x08005a3c   0x00000060   Code   RO         4534    i.TP_Read_XOY       touch.o
    0x08005a9c   0x00000028   Code   RO         4535    i.TP_Read_XY        touch.o
    0x08005ac4   0x0000007c   Code   RO         4536    i.TP_Read_XY2       touch.o
    0x08005b40   0x00000078   Code   RO         4537    i.TP_Save_Adjdata   touch.o
    0x08005bb8   0x000000c0   Code   RO         4538    i.TP_Scan           touch.o
    0x08005c78   0x00000040   Code   RO         4539    i.TP_Write_Byte     touch.o
    0x08005cb8   0x00000054   Code   RO         4708    i.Timer4_Init       usmart.o
    0x08005d0c   0x00000010   Code   RO         1268    i.UART_DMAAbortOnError  stm32f4xx_hal_uart.o
    0x08005d1c   0x0000001c   Code   RO         1278    i.UART_EndRxTransfer  stm32f4xx_hal_uart.o
    0x08005d38   0x0000008c   Code   RO         1280    i.UART_Receive_IT   stm32f4xx_hal_uart.o
    0x08005dc4   0x000002ac   Code   RO         1281    i.UART_SetConfig    stm32f4xx_hal_uart.o
    0x08006070   0x00000062   Code   RO         1282    i.UART_Transmit_IT  stm32f4xx_hal_uart.o
    0x080060d2   0x00000002   PAD
    0x080060d4   0x0000002c   Code   RO         3985    i.USART1_IRQHandler  usart.o
    0x08006100   0x00000002   Code   RO          358    i.UsageFault_Handler  stm32f4xx_it.o
    0x08006102   0x0000007a   Code   RO         4985    i.__hardfp_sqrt     m_wm.l(sqrt.o)
    0x0800617c   0x0000000e   Code   RO         4945    i._is_digit         c_w.l(__printf_wp.o)
    0x0800618a   0x00000002   Code   RO         3986    i._sys_exit         usart.o
    0x0800618c   0x000000dc   Code   RO            5    i.ctp_test          main.o
    0x08006268   0x00000014   Code   RO         3917    i.delay_init        delay.o
    0x0800627c   0x0000001a   Code   RO         3918    i.delay_ms          delay.o
    0x08006296   0x00000002   PAD
    0x08006298   0x00000034   Code   RO         3919    i.delay_us          delay.o
    0x080062cc   0x00000014   Code   RO         3987    i.fputc             usart.o
    0x080062e0   0x00000016   Code   RO            6    i.gui_draw_hline    main.o
    0x080062f6   0x000000b6   Code   RO            7    i.gui_fill_circle   main.o
    0x080063ac   0x000000ac   Code   RO            8    i.lcd_draw_bline    main.o
    0x08006458   0x00000108   Code   RO            9    i.main              main.o
    0x08006560   0x00000004   Code   RO         4709    i.read_addr         usmart.o
    0x08006564   0x000000a0   Code   RO           11    i.rtp_test          main.o
    0x08006604   0x00000038   Code   RO         3988    i.uart_init         usart.o
    0x0800663c   0x00000094   Code   RO         4710    i.usmart_cmd_rec    usmart.o
    0x080066d0   0x00000260   Code   RO         4711    i.usmart_exe        usmart.o
    0x08006930   0x000000a4   Code   RO         4796    i.usmart_get_aparm  usmart_str.o
    0x080069d4   0x0000002e   Code   RO         4797    i.usmart_get_cmdname  usmart_str.o
    0x08006a02   0x00000002   PAD
    0x08006a04   0x00000168   Code   RO         4798    i.usmart_get_fname  usmart_str.o
    0x08006b6c   0x000000d0   Code   RO         4799    i.usmart_get_fparam  usmart_str.o
    0x08006c3c   0x00000024   Code   RO         4800    i.usmart_get_parmpos  usmart_str.o
    0x08006c60   0x00000030   Code   RO         4712    i.usmart_get_runtime  usmart.o
    0x08006c90   0x00000028   Code   RO         4713    i.usmart_init       usmart.o
    0x08006cb8   0x00000010   Code   RO         4801    i.usmart_pow        usmart_str.o
    0x08006cc8   0x00000028   Code   RO         4714    i.usmart_reset_runtime  usmart.o
    0x08006cf0   0x000000a4   Code   RO         4715    i.usmart_scan       usmart.o
    0x08006d94   0x00000010   Code   RO         4802    i.usmart_search_nextc  usmart_str.o
    0x08006da4   0x000000d6   Code   RO         4803    i.usmart_str2num    usmart_str.o
    0x08006e7a   0x00000018   Code   RO         4804    i.usmart_strcmp     usmart_str.o
    0x08006e92   0x00000012   Code   RO         4805    i.usmart_strcopy    usmart_str.o
    0x08006ea4   0x00000012   Code   RO         4806    i.usmart_strlen     usmart_str.o
    0x08006eb6   0x00000002   PAD
    0x08006eb8   0x000005f8   Code   RO         4716    i.usmart_sys_cmd_exe  usmart.o
    0x080074b0   0x00000004   Code   RO         4717    i.write_addr        usmart.o
    0x080074b4   0x00000018   Code   RO         5009    x$fpl$dcmpinf       fz_wm.l(dcmpi.o)
    0x080074cc   0x0000005a   Code   RO         4967    x$fpl$dfixu         fz_wm.l(dfixu.o)
    0x08007526   0x00000026   Code   RO         4971    x$fpl$dfltu         fz_wm.l(dflt_clz.o)
    0x0800754c   0x00000078   Code   RO         4977    x$fpl$dleqf         fz_wm.l(dleqf.o)
    0x080075c4   0x00000154   Code   RO         4979    x$fpl$dmul          fz_wm.l(dmul.o)
    0x08007718   0x0000009c   Code   RO         5011    x$fpl$dnaninf       fz_wm.l(dnaninf.o)
    0x080077b4   0x0000000c   Code   RO         5013    x$fpl$dretinf       fz_wm.l(dretinf.o)
    0x080077c0   0x0000006c   Code   RO         4981    x$fpl$drleqf        fz_wm.l(drleqf.o)
    0x0800782c   0x00000198   Code   RO         5015    x$fpl$dsqrt         fz_wm.l(dsqrt_umaal.o)
    0x080079c4   0x00000056   Code   RO         4983    x$fpl$f2d           fz_wm.l(f2d.o)
    0x08007a1a   0x0000008c   Code   RO         5017    x$fpl$fnaninf       fz_wm.l(fnaninf.o)
    0x08007aa6   0x0000000a   Code   RO         5117    x$fpl$fpinit        fz_wm.l(fpinit.o)
    0x08007ab0   0x00000000   Code   RO         5019    x$fpl$usenofp       fz_wm.l(usenofp.o)
    0x08007ab0   0x0000000a   Data   RO           12    .constdata          main.o
    0x08007aba   0x00000010   Data   RO          427    .constdata          system_stm32f4xx.o
    0x08007aca   0x00000008   Data   RO          428    .constdata          system_stm32f4xx.o
    0x08007ad2   0x00004740   Data   RO         4105    .constdata          lcd.o
    0x0800c212   0x00000002   PAD
    0x0800c214   0x00000004   Data   RO         4540    .constdata          touch.o
    0x0800c218   0x000000fa   Data   RO         4647    .constdata          gt1151.o
    0x0800c312   0x00000028   Data   RO         4918    .constdata          c_w.l(_printf_hex_int.o)
    0x0800c33a   0x00000011   Data   RO         4953    .constdata          c_w.l(__printf_flags_ss_wp.o)
    0x0800c34b   0x00000001   PAD
    0x0800c34c   0x00000079   Data   RO         4541    .conststring        touch.o
    0x0800c3c5   0x00000003   PAD
    0x0800c3c8   0x0000006c   Data   RO         4719    .conststring        usmart.o
    0x0800c434   0x0000006b   Data   RO         4875    .conststring        usmart_config.o
    0x0800c49f   0x00000001   PAD
    0x0800c4a0   0x00000020   Data   RO         5180    Region$$Table       anon$$obj.o


    Execution Region RW_IRAM1 (Base: 0x20000000, Size: 0x00000990, Max: 0x00020000, ABSOLUTE, COMPRESSED[0x00000064])

    Base Addr    Size         Type   Attr      Idx    E Section Name        Object

    0x20000000   0x00000004   Data   RW          429    .data               system_stm32f4xx.o
    0x20000004   0x00000004   Data   RW          580    .data               stm32f4xx_hal.o
    0x20000008   0x00000004   Data   RW         3920    .data               delay.o
    0x2000000c   0x00000004   Data   RW         3990    .data               usart.o
    0x20000010   0x00000004   Data   RW         3991    .data               usart.o
    0x20000014   0x00000004   Data   RW         4106    .data               lcd.o
    0x20000018   0x00000001   Data   RW         4284    .data               key.o
    0x20000019   0x00000003   PAD
    0x2000001c   0x00000038   Data   RW         4542    .data               touch.o
    0x20000054   0x00000001   Data   RW         4648    .data               gt1151.o
    0x20000055   0x00000003   PAD
    0x20000058   0x0000001c   Data   RW         4720    .data               usmart.o
    0x20000074   0x00000020   Data   RW         4876    .data               usmart_config.o
    0x20000094   0x000000f4   Data   RW         4877    .data               usmart_config.o
    0x20000188   0x00000108   Zero   RW         3989    .bss                usart.o
    0x20000290   0x0000005e   Zero   RW         4104    .bss                lcd.o
    0x200002ee   0x00000002   PAD
    0x200002f0   0x0000003c   Zero   RW         4718    .bss                usmart.o
    0x2000032c   0x00000060   Zero   RW         5047    .bss                c_w.l(libspace.o)
    0x2000038c   0x00000004   PAD
    0x20000390   0x00000200   Zero   RW          549    HEAP                startup_stm32f407xx.o
    0x20000590   0x00000400   Zero   RW          548    STACK               startup_stm32f407xx.o


==============================================================================

Image component sizes


      Code (inc. data)   RO Data    RW Data    ZI Data      Debug   Object Name

       216          0          0          0          0       3201   24cxx.o
       624         64          0          0          0       5993   ctiic.o
        98          8          0          4          0       2067   delay.o
       806         50        250          1          0       4260   gt1151.o
       224         26          0          1          0       1794   key.o
     12248        184      18240          4         94      22483   lcd.o
        80         10          0          0          0       1003   led.o
      1084        132         10          0          0     700858   main.o
       620         72          0          0          0       5458   myiic.o
        64         26        392          0       1536        872   startup_stm32f407xx.o
       124         26          0          4          0       4790   stm32f4xx_hal.o
       218         14          0          0          0      30997   stm32f4xx_hal_cortex.o
        36          0          0          0          0       1323   stm32f4xx_hal_dma.o
       468         46          0          0          0       3095   stm32f4xx_hal_gpio.o
         2          0          0          0          0        510   stm32f4xx_hal_msp.o
      1372         78          0          0          0       5392   stm32f4xx_hal_rcc.o
        86          0          0          0          0       1252   stm32f4xx_hal_sram.o
       272         44          0          0          0       4092   stm32f4xx_hal_tim.o
      1422         14          0          0          0       8631   stm32f4xx_hal_uart.o
        20          0          0          0          0       4570   stm32f4xx_it.o
       216         12          0          0          0       2763   stm32f4xx_ll_fsmc.o
       148         12          0          0          0       1187   sys.o
        16          4         24          4          0       1227   system_stm32f4xx.o
      3068        220        125         56          0      11953   touch.o
       334         52          0          8        264       5781   usart.o
      2720       1226        108         28         60       8431   usmart.o
         0          0        107        276          0       1692   usmart_config.o
      1120         20          0          0          0       8819   usmart_str.o

    ----------------------------------------------------------------------
     27730       2340      19294        392       1956     854494   Object Totals
         0          0         32          0          0          0   (incl. Generated)
        24          0          6          6          2          0   (incl. Padding)

    ----------------------------------------------------------------------

      Code (inc. data)   RO Data    RW Data    ZI Data      Debug   Library Member Name

        90          0          0          0          0          0   __dczerorl2.o
         8          0          0          0          0         68   __main.o
       392          4         17          0          0         92   __printf_flags_ss_wp.o
        14          0          0          0          0         68   __printf_wp.o
         0          0          0          0          0          0   __rtentry.o
        12          0          0          0          0          0   __rtentry2.o
         6          0          0          0          0          0   __rtentry4.o
        52          8          0          0          0          0   __scatter.o
        28          0          0          0          0          0   __scatter_zi.o
         6          0          0          0          0          0   _printf_c.o
        44          0          0          0          0        108   _printf_char.o
        48          6          0          0          0         96   _printf_char_common.o
        36          4          0          0          0         80   _printf_char_file.o
         6          0          0          0          0          0   _printf_d.o
       120         16          0          0          0         92   _printf_dec.o
        88          4         40          0          0         88   _printf_hex_int.o
       178          0          0          0          0         88   _printf_intcommon.o
        78          0          0          0          0        108   _printf_pad.o
         0          0          0          0          0          0   _printf_percent.o
         4          0          0          0          0          0   _printf_percent_end.o
         6          0          0          0          0          0   _printf_s.o
        82          0          0          0          0         80   _printf_str.o
         6          0          0          0          0          0   _printf_u.o
         6          0          0          0          0          0   _printf_x.o
        22          0          0          0          0        100   _rserrno.o
        12          0          0          0          0         72   exit.o
         8          0          0          0          0         68   ferror.o
         6          0          0          0          0        152   heapauxi.o
         2          0          0          0          0          0   libinit.o
         6          0          0          0          0          0   libinit2.o
         2          0          0          0          0          0   libshutdown.o
         2          0          0          0          0          0   libshutdown2.o
         8          4          0          0         96         68   libspace.o
        24          4          0          0          0         84   noretval__2printf.o
         8          4          0          0          0         68   rt_errno_addr_intlibspace.o
         2          0          0          0          0          0   rtexit.o
        10          0          0          0          0          0   rtexit2.o
       128          0          0          0          0         68   strcmpv7m.o
        74          0          0          0          0         80   sys_stackheap_outer.o
         2          0          0          0          0         68   use_no_semi.o
         2          0          0          0          0         68   use_no_semi_2.o
        24          0          0          0          0        116   dcmpi.o
        90          4          0          0          0        140   dfixu.o
        38          0          0          0          0        116   dflt_clz.o
       120          4          0          0          0        140   dleqf.o
       340         12          0          0          0        152   dmul.o
       156          4          0          0          0        140   dnaninf.o
        12          0          0          0          0        116   dretinf.o
       108          0          0          0          0        128   drleqf.o
       408         56          0          0          0        168   dsqrt_umaal.o
        86          4          0          0          0        132   f2d.o
       140          4          0          0          0        132   fnaninf.o
        10          0          0          0          0        116   fpinit.o
         0          0          0          0          0          0   usenofp.o
       122          0          0          0          0        148   sqrt.o

    ----------------------------------------------------------------------
      3286        142         58          0        100       3608   Library Totals
         4          0          1          0          4          0   (incl. Padding)

    ----------------------------------------------------------------------

      Code (inc. data)   RO Data    RW Data    ZI Data      Debug   Library Name

      1628         54         57          0         96       1864   c_w.l
      1532         88          0          0          0       1596   fz_wm.l
       122          0          0          0          0        148   m_wm.l

    ----------------------------------------------------------------------
      3286        142         58          0        100       3608   Library Totals

    ----------------------------------------------------------------------

==============================================================================


      Code (inc. data)   RO Data    RW Data    ZI Data      Debug   

     31016       2482      19352        392       2056     841866   Grand Totals
     31016       2482      19352        100       2056     841866   ELF Image Totals (compressed)
     31016       2482      19352        100          0          0   ROM Totals

==============================================================================

    Total RO  Size (Code + RO Data)                50368 (  49.19kB)
    Total RW  Size (RW Data + ZI Data)              2448 (   2.39kB)
    Total ROM Size (Code + RO Data + RW Data)      50468 (  49.29kB)

==============================================================================

