<html>
<body>
<pre>
<h1>µVision Build Log</h1>
<h2>Tool Versions:</h2>
IDE-Version: ¦ÌVision V5.14.0.0
Copyright (C) 2015 ARM Ltd and ARM Germany GmbH. All rights reserved.
License Information: sh Administrator, cm, LIC=47GU5-GYHE4-GKXBG-V194L-DTA57-Z93RC
 
Tool Versions:
Toolchain:       MDK-ARM Standard  Version: 5.14.0.0
Toolchain Path:  C:\tool\keil\ARM\ARMCC\Bin
C Compiler:      Armcc.exe V5.05 update 1 (build 106)
Assembler:       Armasm.exe V5.05 update 1 (build 106)
Linker/Locator:  ArmLink.exe V5.05 update 1 (build 106)
Library Manager: ArmAr.exe V5.05 update 1 (build 106)
Hex Converter:   FromElf.exe V5.05 update 1 (build 106)
CPU DLL:         SARMCM3.DLL V5.14.0.0
Dialog DLL:      DCM.DLL V1.13.1.0
Target DLL:      CMSIS_AGDI.dll V1.21.0.0
Dialog DLL:      TCM.DLL V1.14.4.0
 
<h2>Project:</h2>
E:\zhuo mian\docoffee\USER\TOUCH.uvprojx
Project File Date:  08/25/2025

<h2>Output:</h2>
Build target 'TOUCH'
compiling main.c...
..\SYSTEM\flash\flash.h(19): warning:  #1-D: last line of file ends without a newline
  #endif
main.c(65): warning:  #177-D: variable "xReturned" was declared but never referenced
        BaseType_t xReturned;
main.c(169): warning:  #1-D: last line of file ends without a newline
  }
main.c: 3 warnings, 0 errors
compiling led.c...
compiling lcd.c...
compiling touch.c...
compiling gt1151.c...
..\HARDWARE\TOUCH\gt1151.c(101): warning:  #550-D: variable "buf" was set but never used
        u8 buf[3];
..\HARDWARE\TOUCH\gt1151.c: 1 warning, 0 errors
linking...
Program Size: Code=190704 RO-data=195912 RW-data=1108 ZI-data=111892  
FromELF: creating hex file...
"..\OBJ\Template.axf" - 0 Error(s), 4 Warning(s).

<h2>Collection of Component include folders:</h2>
  E:\zhuo mian\docoffee\USER\RTE
  C:\tool\keil\ARM\PACK\Keil\STM32F4xx_DFP\2.2.0\Drivers\CMSIS\Device\ST\STM32F4xx\Include

<h2>Collection of Component Files used:</h2>
</pre>
</body>
</html>
