<html>
<body>
<pre>
<h1>礦ision Build Log</h1>
<h2>Tool Versions:</h2>
IDE-Version: μVision V5.14.0.0
Copyright (C) 2015 ARM Ltd and ARM Germany GmbH. All rights reserved.
License Information: sh Administrator, cm, LIC=47GU5-GYHE4-GKXBG-V194L-DTA57-Z93RC
 
Tool Versions:
Toolchain:       MDK-ARM Standard  Version: 5.14.0.0
Toolchain Path:  C:\tool\keil\ARM\ARMCC\Bin
C Compiler:      Armcc.exe V5.05 update 1 (build 106)
Assembler:       Armasm.exe V5.05 update 1 (build 106)
Linker/Locator:  ArmLink.exe V5.05 update 1 (build 106)
Library Manager: ArmAr.exe V5.05 update 1 (build 106)
Hex Converter:   FromElf.exe V5.05 update 1 (build 106)
CPU DLL:         SARMCM3.DLL V5.14.0.0
Dialog DLL:      DCM.DLL V1.13.1.0
Target DLL:      CMSIS_AGDI.dll V1.21.0.0
Dialog DLL:      TCM.DLL V1.14.4.0
 
<h2>Project:</h2>
E:\zhuo mian\触摸屏实验\USER\TOUCH.uvprojx
Project File Date:  08/18/2025

<h2>Output:</h2>
Build target 'TOUCH'
compiling main.c...
main.c(301): warning:  #223-D: function "lv_port_indev_init" declared implicitly
        lv_port_indev_init();  // 你要实现的触控接口
main.c: 1 warning, 0 errors
linking...
Program Size: Code=177440 RO-data=37420 RW-data=916 ZI-data=76692  
FromELF: creating hex file...
"..\OBJ\Template.axf" - 0 Error(s), 1 Warning(s).

<h2>Collection of Component include folders:</h2>
  E:\zhuo mian\触摸屏实验\USER\RTE
  C:\tool\keil\ARM\PACK\Keil\STM32F4xx_DFP\2.2.0\Drivers\CMSIS\Device\ST\STM32F4xx\Include

<h2>Collection of Component Files used:</h2>
</pre>
</body>
</html>
